<?xml version="1.0" encoding="ISO-8859-1" ?>
<link_info>
   <banner>TI ARM Linker PC v18.12.1.LTS</banner>
   <copyright>Copyright (c) 1996-2018 Texas Instruments Incorporated</copyright>
   <link_time>0x5d72b800</link_time>
   <link_errors>0x1</link_errors>
   <output_file>test.out</output_file>
   <entry_point>
      <name>_c_int00</name>
      <address>0x2a94</address>
   </entry_point>
   <input_file_list>
      <input_file id="fl-2">
         <path>.\</path>
         <kind>object</kind>
         <file>BLMGR.obj</file>
         <name>BLMGR.obj</name>
      </input_file>
      <input_file id="fl-3">
         <path>.\</path>
         <kind>object</kind>
         <file>BLMGR_CFG.obj</file>
         <name>BLMGR_CFG.obj</name>
      </input_file>
      <input_file id="fl-4">
         <path>.\</path>
         <kind>object</kind>
         <file>BLTD.obj</file>
         <name>BLTD.obj</name>
      </input_file>
      <input_file id="fl-5">
         <path>.\</path>
         <kind>object</kind>
         <file>CRC.obj</file>
         <name>CRC.obj</name>
      </input_file>
      <input_file id="fl-6">
         <path>.\</path>
         <kind>object</kind>
         <file>KEYPAD.obj</file>
         <name>KEYPAD.obj</name>
      </input_file>
      <input_file id="fl-7">
         <path>.\</path>
         <kind>object</kind>
         <file>L3G4200D.obj</file>
         <name>L3G4200D.obj</name>
      </input_file>
      <input_file id="fl-8">
         <path>.\</path>
         <kind>object</kind>
         <file>L3G4200D_Lcfg.obj</file>
         <name>L3G4200D_Lcfg.obj</name>
      </input_file>
      <input_file id="fl-9">
         <path>.\</path>
         <kind>object</kind>
         <file>uart_test.obj</file>
         <name>uart_test.obj</name>
      </input_file>
      <input_file id="fl-c">
         <kind>object</kind>
         <file>&lt;internal&gt;</file>
         <name>&lt;internal&gt;</name>
      </input_file>
      <input_file id="fl-c2">
         <path>C:\ti\ccs901\ccs\tools\compiler\ti-cgt-arm_18.12.1.LTS\lib\</path>
         <kind>archive</kind>
         <file>rtsv4_A_be_eabi.lib</file>
         <name>boot_non_cortex_m.asm.obj</name>
      </input_file>
      <input_file id="fl-c3">
         <path>C:\ti\ccs901\ccs\tools\compiler\ti-cgt-arm_18.12.1.LTS\lib\</path>
         <kind>archive</kind>
         <file>rtsv4_A_be_eabi.lib</file>
         <name>u_div32.asm.obj</name>
      </input_file>
      <input_file id="fl-c4">
         <path>C:\ti\ccs901\ccs\tools\compiler\ti-cgt-arm_18.12.1.LTS\lib\</path>
         <kind>archive</kind>
         <file>rtsv4_A_be_eabi.lib</file>
         <name>mpu_init.c.obj</name>
      </input_file>
      <input_file id="fl-c5">
         <path>C:\ti\ccs901\ccs\tools\compiler\ti-cgt-arm_18.12.1.LTS\lib\</path>
         <kind>archive</kind>
         <file>rtsv4_A_be_eabi.lib</file>
         <name>autoinit.c.obj</name>
      </input_file>
      <input_file id="fl-c6">
         <path>C:\ti\ccs901\ccs\tools\compiler\ti-cgt-arm_18.12.1.LTS\lib\</path>
         <kind>archive</kind>
         <file>rtsv4_A_be_eabi.lib</file>
         <name>pre_init.c.obj</name>
      </input_file>
      <input_file id="fl-c7">
         <path>C:\ti\ccs901\ccs\tools\compiler\ti-cgt-arm_18.12.1.LTS\lib\</path>
         <kind>archive</kind>
         <file>rtsv4_A_be_eabi.lib</file>
         <name>cpy_tbl.c.obj</name>
      </input_file>
      <input_file id="fl-c8">
         <path>C:\ti\ccs901\ccs\tools\compiler\ti-cgt-arm_18.12.1.LTS\lib\</path>
         <kind>archive</kind>
         <file>rtsv4_A_be_eabi.lib</file>
         <name>copy_zero_init.c.obj</name>
      </input_file>
      <input_file id="fl-c9">
         <path>C:\ti\ccs901\ccs\tools\compiler\ti-cgt-arm_18.12.1.LTS\lib\</path>
         <kind>archive</kind>
         <file>rtsv4_A_be_eabi.lib</file>
         <name>copy_decompress_none.c.obj</name>
      </input_file>
      <input_file id="fl-ca">
         <path>C:\ti\ccs901\ccs\tools\compiler\ti-cgt-arm_18.12.1.LTS\lib\</path>
         <kind>archive</kind>
         <file>rtsv4_A_be_eabi.lib</file>
         <name>copy_decompress_lzss.c.obj</name>
      </input_file>
      <input_file id="fl-cb">
         <path>C:\ti\ccs901\ccs\tools\compiler\ti-cgt-arm_18.12.1.LTS\lib\</path>
         <kind>archive</kind>
         <file>rtsv4_A_be_eabi.lib</file>
         <name>exit.c.obj</name>
      </input_file>
      <input_file id="fl-cc">
         <path>C:\ti\ccs901\ccs\tools\compiler\ti-cgt-arm_18.12.1.LTS\lib\</path>
         <kind>archive</kind>
         <file>rtsv4_A_be_eabi.lib</file>
         <name>_lock.c.obj</name>
      </input_file>
      <input_file id="fl-cd">
         <path>C:\ti\ccs901\ccs\tools\compiler\ti-cgt-arm_18.12.1.LTS\lib\</path>
         <kind>archive</kind>
         <file>rtsv4_A_be_eabi.lib</file>
         <name>args_main.c.obj</name>
      </input_file>
      <input_file id="fl-ce">
         <path>C:\ti\ccs901\ccs\tools\compiler\ti-cgt-arm_18.12.1.LTS\lib\</path>
         <kind>archive</kind>
         <file>rtsv4_A_be_eabi.lib</file>
         <name>div0.asm.obj</name>
      </input_file>
      <input_file id="fl-cf">
         <path>C:\ti\ccs901\ccs\tools\compiler\ti-cgt-arm_18.12.1.LTS\lib\</path>
         <kind>archive</kind>
         <file>rtsv4_A_be_eabi.lib</file>
         <name>memcpy32.asm.obj</name>
      </input_file>
      <input_file id="fl-d0">
         <path>C:\ti\ccs901\ccs\tools\compiler\ti-cgt-arm_18.12.1.LTS\lib\</path>
         <kind>archive</kind>
         <file>rtsv4_A_be_eabi.lib</file>
         <name>memset32.asm.obj</name>
      </input_file>
   </input_file_list>
   <object_component_list>
      <object_component id="oc-cd">
         <name>.text</name>
         <load_address>0x20</load_address>
         <run_address>0x20</run_address>
         <size>0x1ef4</size>
         <input_file_ref idref="fl-2"/>
      </object_component>
      <object_component id="oc-103">
         <name>.text</name>
         <load_address>0x1f14</load_address>
         <run_address>0x1f14</run_address>
         <size>0x3ec</size>
         <input_file_ref idref="fl-4"/>
      </object_component>
      <object_component id="oc-109">
         <name>.text</name>
         <load_address>0x2300</load_address>
         <run_address>0x2300</run_address>
         <size>0x314</size>
         <input_file_ref idref="fl-5"/>
      </object_component>
      <object_component id="oc-21">
         <name>.text</name>
         <load_address>0x2614</load_address>
         <run_address>0x2614</run_address>
         <size>0x1a0</size>
         <input_file_ref idref="fl-cf"/>
      </object_component>
      <object_component id="oc-d3">
         <name>.text</name>
         <load_address>0x27b4</load_address>
         <run_address>0x27b4</run_address>
         <size>0xf0</size>
         <input_file_ref idref="fl-c3"/>
      </object_component>
      <object_component id="oc-9b">
         <name>.text</name>
         <load_address>0x28a4</load_address>
         <run_address>0x28a4</run_address>
         <size>0xe8</size>
         <input_file_ref idref="fl-9"/>
      </object_component>
      <object_component id="oc-3">
         <name>.text:decompress:lzss:__TI_decompress_lzss</name>
         <load_address>0x298c</load_address>
         <run_address>0x298c</run_address>
         <size>0xa0</size>
         <input_file_ref idref="fl-ca"/>
      </object_component>
      <object_component id="oc-6b">
         <name>.text:__TI_auto_init_nobinit_nopinit:__TI_auto_init_nobinit_nopinit</name>
         <load_address>0x2a2c</load_address>
         <run_address>0x2a2c</run_address>
         <size>0x68</size>
         <input_file_ref idref="fl-c5"/>
      </object_component>
      <object_component id="oc-10">
         <name>.text</name>
         <load_address>0x2a94</load_address>
         <run_address>0x2a94</run_address>
         <size>0x3c</size>
         <input_file_ref idref="fl-c2"/>
      </object_component>
      <object_component id="oc-46">
         <name>.text:_args_main</name>
         <load_address>0x2ad0</load_address>
         <run_address>0x2ad0</run_address>
         <size>0x20</size>
         <input_file_ref idref="fl-cd"/>
      </object_component>
      <object_component id="oc-2d">
         <name>.text:decompress:ZI:__TI_zero_init_nomemset:__TI_zero_init_nomemset</name>
         <load_address>0x2af0</load_address>
         <run_address>0x2af0</run_address>
         <size>0x20</size>
         <input_file_ref idref="fl-c8"/>
      </object_component>
      <object_component id="oc-9">
         <name>.text:decompress:none:__TI_decompress_none</name>
         <load_address>0x2b10</load_address>
         <run_address>0x2b10</run_address>
         <size>0x14</size>
         <input_file_ref idref="fl-c9"/>
      </object_component>
      <object_component id="oc-3f">
         <name>.text:_system_pre_init</name>
         <load_address>0x2b24</load_address>
         <run_address>0x2b24</run_address>
         <size>0x8</size>
         <input_file_ref idref="fl-c6"/>
      </object_component>
      <object_component id="oc-a3">
         <name>.text:abort:abort</name>
         <load_address>0x2b2c</load_address>
         <run_address>0x2b2c</run_address>
         <size>0x8</size>
         <input_file_ref idref="fl-cb"/>
      </object_component>
      <object_component id="oc-39">
         <name>.text:__mpu_init</name>
         <load_address>0x2b34</load_address>
         <run_address>0x2b34</run_address>
         <size>0x4</size>
         <input_file_ref idref="fl-c4"/>
      </object_component>
      <object_component id="oc-12f">
         <name>.text</name>
         <load_address>0x2b38</load_address>
         <run_address>0x2b38</run_address>
         <size>0x4</size>
         <input_file_ref idref="fl-ce"/>
      </object_component>
      <object_component id="oc-11e">
         <name>.data</name>
         <load_address>0x2cac</load_address>
         <run_address>0x2cac</run_address>
         <size>0x1</size>
         <input_file_ref idref="fl-2"/>
      </object_component>
      <object_component id="oc-126">
         <name>.data:TempBuffer11$7</name>
         <load_address>0x2c94</load_address>
         <run_address>0x2c94</run_address>
         <size>0x12</size>
         <input_file_ref idref="fl-2"/>
      </object_component>
      <object_component id="oc-118">
         <name>.data:BuzzerConfig</name>
         <load_address>0x2caa</load_address>
         <run_address>0x2caa</run_address>
         <size>0x2</size>
         <input_file_ref idref="fl-3"/>
      </object_component>
      <object_component id="oc-127">
         <name>.data:BlueToothPwrConfig</name>
         <load_address>0x2ca6</load_address>
         <run_address>0x2ca6</run_address>
         <size>0x2</size>
         <input_file_ref idref="fl-3"/>
      </object_component>
      <object_component id="oc-12a">
         <name>.data:BluetoothKeyConfig</name>
         <load_address>0x2ca8</load_address>
         <run_address>0x2ca8</run_address>
         <size>0x2</size>
         <input_file_ref idref="fl-3"/>
      </object_component>
      <object_component id="oc-14f">
         <name>.data</name>
         <load_address>0x2cad</load_address>
         <run_address>0x2cad</run_address>
         <size>0x1</size>
         <input_file_ref idref="fl-4"/>
      </object_component>
      <object_component id="oc-d8">
         <name>.data</name>
         <load_address>0x2cae</load_address>
         <run_address>0x2cae</run_address>
         <size>0x1</size>
         <input_file_ref idref="fl-9"/>
      </object_component>
      <object_component id="oc-10f">
         <name>.bss</name>
         <uninitialized>true</uninitialized>
         <run_address>0x2c04</run_address>
         <size>0x27</size>
         <input_file_ref idref="fl-2"/>
      </object_component>
      <object_component id="oc-112">
         <name>.bss:BLMGR_DataRxBuffer</name>
         <uninitialized>true</uninitialized>
         <run_address>0x2c2b</run_address>
         <size>0x14</size>
         <input_file_ref idref="fl-2"/>
      </object_component>
      <object_component id="oc-115">
         <name>.bss:BLMGR_DataTxBuffer</name>
         <uninitialized>true</uninitialized>
         <run_address>0x2c3f</run_address>
         <size>0x14</size>
         <input_file_ref idref="fl-2"/>
      </object_component>
      <object_component id="oc-121">
         <name>.bss:BLMGR_RxDevicName</name>
         <uninitialized>true</uninitialized>
         <run_address>0x2c7b</run_address>
         <size>0x8</size>
         <input_file_ref idref="fl-2"/>
      </object_component>
      <object_component id="oc-11b">
         <name>.bss:BLMGR_TxDevicName</name>
         <uninitialized>true</uninitialized>
         <run_address>0x2c83</run_address>
         <size>0x8</size>
         <input_file_ref idref="fl-2"/>
      </object_component>
      <object_component id="oc-124">
         <name>.bss:TempBuffer$1</name>
         <uninitialized>true</uninitialized>
         <run_address>0x2c53</run_address>
         <size>0x14</size>
         <input_file_ref idref="fl-2"/>
      </object_component>
      <object_component id="oc-125">
         <name>.bss:TempBuffer22$4</name>
         <uninitialized>true</uninitialized>
         <run_address>0x2c67</run_address>
         <size>0x14</size>
         <input_file_ref idref="fl-2"/>
      </object_component>
      <object_component id="oc-152">
         <name>.bss:RxBuffer</name>
         <uninitialized>true</uninitialized>
         <run_address>0x2ba0</run_address>
         <size>0x64</size>
         <input_file_ref idref="fl-4"/>
      </object_component>
      <object_component id="oc-155">
         <name>.bss:BTCommandBuffer$1</name>
         <uninitialized>true</uninitialized>
         <run_address>0x2b3c</run_address>
         <size>0x64</size>
         <input_file_ref idref="fl-4"/>
      </object_component>
      <object_component id="oc-15d">
         <name>.bss:InternalBuffer$1</name>
         <uninitialized>true</uninitialized>
         <run_address>0x2c8b</run_address>
         <size>0x8</size>
         <input_file_ref idref="fl-5"/>
      </object_component>
      <object_component id="oc-1b4">
         <name>.cinit..data.load</name>
         <load_address>0x34b0</load_address>
         <run_address>0x34b0</run_address>
         <size>0x10</size>
      </object_component>
      <object_component id="oc-1b2">
         <name>__TI_handler_table</name>
         <load_address>0x34c0</load_address>
         <run_address>0x34c0</run_address>
         <size>0xc</size>
      </object_component>
      <object_component id="oc-1b5">
         <name>.cinit..bss.load</name>
         <load_address>0x34d0</load_address>
         <run_address>0x34d0</run_address>
         <size>0x8</size>
      </object_component>
      <object_component id="oc-1b3">
         <name>__TI_cinit_table</name>
         <load_address>0x34d8</load_address>
         <run_address>0x34d8</run_address>
         <size>0x10</size>
      </object_component>
      <object_component id="oc-12e">
         <name>.debug_info</name>
         <load_address>0x0</load_address>
         <run_address>0x0</run_address>
         <size>0x47a</size>
         <input_file_ref idref="fl-2"/>
      </object_component>
      <object_component id="oc-110">
         <name>.debug_info</name>
         <load_address>0x47a</load_address>
         <run_address>0x47a</run_address>
         <size>0x619</size>
         <input_file_ref idref="fl-2"/>
      </object_component>
      <object_component id="oc-113">
         <name>.debug_info</name>
         <load_address>0xa93</load_address>
         <run_address>0xa93</run_address>
         <size>0xdd</size>
         <input_file_ref idref="fl-2"/>
      </object_component>
      <object_component id="oc-116">
         <name>.debug_info</name>
         <load_address>0xb70</load_address>
         <run_address>0xb70</run_address>
         <size>0xdd</size>
         <input_file_ref idref="fl-2"/>
      </object_component>
      <object_component id="oc-122">
         <name>.debug_info</name>
         <load_address>0xc4d</load_address>
         <run_address>0xc4d</run_address>
         <size>0xdb</size>
         <input_file_ref idref="fl-2"/>
      </object_component>
      <object_component id="oc-11c">
         <name>.debug_info</name>
         <load_address>0xd28</load_address>
         <run_address>0xd28</run_address>
         <size>0xdb</size>
         <input_file_ref idref="fl-2"/>
      </object_component>
      <object_component id="oc-11f">
         <name>.debug_info</name>
         <load_address>0xe03</load_address>
         <run_address>0xe03</run_address>
         <size>0xe9</size>
         <input_file_ref idref="fl-2"/>
      </object_component>
      <object_component id="oc-cf">
         <name>.debug_info</name>
         <load_address>0xeec</load_address>
         <run_address>0xeec</run_address>
         <size>0x1d83</size>
         <input_file_ref idref="fl-2"/>
      </object_component>
      <object_component id="oc-da">
         <name>.debug_info</name>
         <load_address>0x2c6f</load_address>
         <run_address>0x2c6f</run_address>
         <size>0x98</size>
         <input_file_ref idref="fl-2"/>
      </object_component>
      <object_component id="oc-168">
         <name>.debug_info</name>
         <load_address>0x2d07</load_address>
         <run_address>0x2d07</run_address>
         <size>0x5e</size>
         <input_file_ref idref="fl-2"/>
      </object_component>
      <object_component id="oc-1c">
         <name>.debug_info</name>
         <load_address>0x2d65</load_address>
         <run_address>0x2d65</run_address>
         <size>0x84</size>
         <input_file_ref idref="fl-2"/>
      </object_component>
      <object_component id="oc-158">
         <name>.debug_info</name>
         <load_address>0x2de9</load_address>
         <run_address>0x2de9</run_address>
         <size>0x2c</size>
         <input_file_ref idref="fl-2"/>
      </object_component>
      <object_component id="oc-183">
         <name>.debug_info</name>
         <load_address>0x2e15</load_address>
         <run_address>0x2e15</run_address>
         <size>0x2c</size>
         <input_file_ref idref="fl-2"/>
      </object_component>
      <object_component id="oc-119">
         <name>.debug_info</name>
         <load_address>0x2e41</load_address>
         <run_address>0x2e41</run_address>
         <size>0xd6</size>
         <input_file_ref idref="fl-3"/>
      </object_component>
      <object_component id="oc-128">
         <name>.debug_info</name>
         <load_address>0x2f17</load_address>
         <run_address>0x2f17</run_address>
         <size>0xe2</size>
         <input_file_ref idref="fl-3"/>
      </object_component>
      <object_component id="oc-12b">
         <name>.debug_info</name>
         <load_address>0x2ff9</load_address>
         <run_address>0x2ff9</run_address>
         <size>0xe2</size>
         <input_file_ref idref="fl-3"/>
      </object_component>
      <object_component id="oc-157">
         <name>.debug_info</name>
         <load_address>0x30db</load_address>
         <run_address>0x30db</run_address>
         <size>0x20c</size>
         <input_file_ref idref="fl-4"/>
      </object_component>
      <object_component id="oc-150">
         <name>.debug_info</name>
         <load_address>0x32e7</load_address>
         <run_address>0x32e7</run_address>
         <size>0xd4</size>
         <input_file_ref idref="fl-4"/>
      </object_component>
      <object_component id="oc-153">
         <name>.debug_info</name>
         <load_address>0x33bb</load_address>
         <run_address>0x33bb</run_address>
         <size>0xc8</size>
         <input_file_ref idref="fl-4"/>
      </object_component>
      <object_component id="oc-105">
         <name>.debug_info</name>
         <load_address>0x3483</load_address>
         <run_address>0x3483</run_address>
         <size>0xaa5</size>
         <input_file_ref idref="fl-4"/>
      </object_component>
      <object_component id="oc-15f">
         <name>.debug_info</name>
         <load_address>0x3f28</load_address>
         <run_address>0x3f28</run_address>
         <size>0x14e</size>
         <input_file_ref idref="fl-5"/>
      </object_component>
      <object_component id="oc-10d">
         <name>.debug_info</name>
         <load_address>0x4076</load_address>
         <run_address>0x4076</run_address>
         <size>0x56c</size>
         <input_file_ref idref="fl-5"/>
      </object_component>
      <object_component id="oc-9f">
         <name>.debug_info</name>
         <load_address>0x45e2</load_address>
         <run_address>0x45e2</run_address>
         <size>0x297</size>
         <input_file_ref idref="fl-9"/>
      </object_component>
      <object_component id="oc-13">
         <name>.debug_info</name>
         <load_address>0x4879</load_address>
         <run_address>0x4879</run_address>
         <size>0x143</size>
         <input_file_ref idref="fl-c2"/>
      </object_component>
      <object_component id="oc-d4">
         <name>.debug_info</name>
         <load_address>0x49bc</load_address>
         <run_address>0x49bc</run_address>
         <size>0x116</size>
         <input_file_ref idref="fl-c3"/>
      </object_component>
      <object_component id="oc-3a">
         <name>.debug_info</name>
         <load_address>0x4ad2</load_address>
         <run_address>0x4ad2</run_address>
         <size>0x111</size>
         <input_file_ref idref="fl-c4"/>
      </object_component>
      <object_component id="oc-bf">
         <name>.debug_info</name>
         <load_address>0x4be3</load_address>
         <run_address>0x4be3</run_address>
         <size>0x353</size>
         <input_file_ref idref="fl-c5"/>
      </object_component>
      <object_component id="oc-6c">
         <name>.debug_info</name>
         <load_address>0x4f36</load_address>
         <run_address>0x4f36</run_address>
         <size>0x1ae</size>
         <input_file_ref idref="fl-c5"/>
      </object_component>
      <object_component id="oc-f2">
         <name>.debug_info</name>
         <load_address>0x50e4</load_address>
         <run_address>0x50e4</run_address>
         <size>0x39</size>
         <input_file_ref idref="fl-c5"/>
      </object_component>
      <object_component id="oc-143">
         <name>.debug_info</name>
         <load_address>0x511d</load_address>
         <run_address>0x511d</run_address>
         <size>0x39</size>
         <input_file_ref idref="fl-c5"/>
      </object_component>
      <object_component id="oc-f7">
         <name>.debug_info</name>
         <load_address>0x5156</load_address>
         <run_address>0x5156</run_address>
         <size>0x39</size>
         <input_file_ref idref="fl-c5"/>
      </object_component>
      <object_component id="oc-fc">
         <name>.debug_info</name>
         <load_address>0x518f</load_address>
         <run_address>0x518f</run_address>
         <size>0xcd</size>
         <input_file_ref idref="fl-c5"/>
      </object_component>
      <object_component id="oc-41">
         <name>.debug_info</name>
         <load_address>0x525c</load_address>
         <run_address>0x525c</run_address>
         <size>0x121</size>
         <input_file_ref idref="fl-c6"/>
      </object_component>
      <object_component id="oc-62">
         <name>.debug_info</name>
         <load_address>0x537d</load_address>
         <run_address>0x537d</run_address>
         <size>0x174</size>
         <input_file_ref idref="fl-c8"/>
      </object_component>
      <object_component id="oc-2f">
         <name>.debug_info</name>
         <load_address>0x54f1</load_address>
         <run_address>0x54f1</run_address>
         <size>0x18d</size>
         <input_file_ref idref="fl-c8"/>
      </object_component>
      <object_component id="oc-5d">
         <name>.debug_info</name>
         <load_address>0x567e</load_address>
         <run_address>0x567e</run_address>
         <size>0x46</size>
         <input_file_ref idref="fl-c8"/>
      </object_component>
      <object_component id="oc-b6">
         <name>.debug_info</name>
         <load_address>0x56c4</load_address>
         <run_address>0x56c4</run_address>
         <size>0x2c</size>
         <input_file_ref idref="fl-c8"/>
      </object_component>
      <object_component id="oc-2c">
         <name>.debug_info</name>
         <load_address>0x56f0</load_address>
         <run_address>0x56f0</run_address>
         <size>0x148</size>
         <input_file_ref idref="fl-c9"/>
      </object_component>
      <object_component id="oc-c">
         <name>.debug_info</name>
         <load_address>0x5838</load_address>
         <run_address>0x5838</run_address>
         <size>0x1b8</size>
         <input_file_ref idref="fl-c9"/>
      </object_component>
      <object_component id="oc-27">
         <name>.debug_info</name>
         <load_address>0x59f0</load_address>
         <run_address>0x59f0</run_address>
         <size>0x46</size>
         <input_file_ref idref="fl-c9"/>
      </object_component>
      <object_component id="oc-55">
         <name>.debug_info</name>
         <load_address>0x5a36</load_address>
         <run_address>0x5a36</run_address>
         <size>0x2c</size>
         <input_file_ref idref="fl-c9"/>
      </object_component>
      <object_component id="oc-53">
         <name>.debug_info</name>
         <load_address>0x5a62</load_address>
         <run_address>0x5a62</run_address>
         <size>0x13e</size>
         <input_file_ref idref="fl-ca"/>
      </object_component>
      <object_component id="oc-5">
         <name>.debug_info</name>
         <load_address>0x5ba0</load_address>
         <run_address>0x5ba0</run_address>
         <size>0x21e</size>
         <input_file_ref idref="fl-ca"/>
      </object_component>
      <object_component id="oc-17">
         <name>.debug_info</name>
         <load_address>0x5dbe</load_address>
         <run_address>0x5dbe</run_address>
         <size>0x60</size>
         <input_file_ref idref="fl-ca"/>
      </object_component>
      <object_component id="oc-af">
         <name>.debug_info</name>
         <load_address>0x5e1e</load_address>
         <run_address>0x5e1e</run_address>
         <size>0x46</size>
         <input_file_ref idref="fl-ca"/>
      </object_component>
      <object_component id="oc-4e">
         <name>.debug_info</name>
         <load_address>0x5e64</load_address>
         <run_address>0x5e64</run_address>
         <size>0x39</size>
         <input_file_ref idref="fl-ca"/>
      </object_component>
      <object_component id="oc-a7">
         <name>.debug_info</name>
         <load_address>0x5e9d</load_address>
         <run_address>0x5e9d</run_address>
         <size>0xf0</size>
         <input_file_ref idref="fl-cb"/>
      </object_component>
      <object_component id="oc-a2">
         <name>.debug_info</name>
         <load_address>0x5f8d</load_address>
         <run_address>0x5f8d</run_address>
         <size>0x17f</size>
         <input_file_ref idref="fl-cd"/>
      </object_component>
      <object_component id="oc-48">
         <name>.debug_info</name>
         <load_address>0x610c</load_address>
         <run_address>0x610c</run_address>
         <size>0x140</size>
         <input_file_ref idref="fl-cd"/>
      </object_component>
      <object_component id="oc-e1">
         <name>.debug_info</name>
         <load_address>0x624c</load_address>
         <run_address>0x624c</run_address>
         <size>0x5e</size>
         <input_file_ref idref="fl-cd"/>
      </object_component>
      <object_component id="oc-130">
         <name>.debug_info</name>
         <load_address>0x62aa</load_address>
         <run_address>0x62aa</run_address>
         <size>0xe3</size>
         <input_file_ref idref="fl-ce"/>
      </object_component>
      <object_component id="oc-24">
         <name>.debug_info</name>
         <load_address>0x638d</load_address>
         <run_address>0x638d</run_address>
         <size>0x137</size>
         <input_file_ref idref="fl-cf"/>
      </object_component>
      <object_component id="oc-1c5">
         <name>.debug_info</name>
         <load_address>0x64c4</load_address>
         <run_address>0x64c4</run_address>
         <size>0x98</size>
      </object_component>
      <object_component id="oc-178">
         <name>.debug_line</name>
         <load_address>0x0</load_address>
         <run_address>0x0</run_address>
         <size>0x68</size>
         <input_file_ref idref="fl-2"/>
      </object_component>
      <object_component id="oc-161">
         <name>.debug_line</name>
         <load_address>0x68</load_address>
         <run_address>0x68</run_address>
         <size>0x2e</size>
         <input_file_ref idref="fl-2"/>
      </object_component>
      <object_component id="oc-163">
         <name>.debug_line</name>
         <load_address>0x96</load_address>
         <run_address>0x96</run_address>
         <size>0x2e</size>
         <input_file_ref idref="fl-2"/>
      </object_component>
      <object_component id="oc-165">
         <name>.debug_line</name>
         <load_address>0xc4</load_address>
         <run_address>0xc4</run_address>
         <size>0x2e</size>
         <input_file_ref idref="fl-2"/>
      </object_component>
      <object_component id="oc-172">
         <name>.debug_line</name>
         <load_address>0xf2</load_address>
         <run_address>0xf2</run_address>
         <size>0x2e</size>
         <input_file_ref idref="fl-2"/>
      </object_component>
      <object_component id="oc-16e">
         <name>.debug_line</name>
         <load_address>0x120</load_address>
         <run_address>0x120</run_address>
         <size>0x2e</size>
         <input_file_ref idref="fl-2"/>
      </object_component>
      <object_component id="oc-170">
         <name>.debug_line</name>
         <load_address>0x14e</load_address>
         <run_address>0x14e</run_address>
         <size>0x2e</size>
         <input_file_ref idref="fl-2"/>
      </object_component>
      <object_component id="oc-d2">
         <name>.debug_line</name>
         <load_address>0x17c</load_address>
         <run_address>0x17c</run_address>
         <size>0xb54</size>
         <input_file_ref idref="fl-2"/>
      </object_component>
      <object_component id="oc-dd">
         <name>.debug_line</name>
         <load_address>0xcd0</load_address>
         <run_address>0xcd0</run_address>
         <size>0x34</size>
         <input_file_ref idref="fl-2"/>
      </object_component>
      <object_component id="oc-16b">
         <name>.debug_line</name>
         <load_address>0xd04</load_address>
         <run_address>0xd04</run_address>
         <size>0x32</size>
         <input_file_ref idref="fl-2"/>
      </object_component>
      <object_component id="oc-1f">
         <name>.debug_line</name>
         <load_address>0xd36</load_address>
         <run_address>0xd36</run_address>
         <size>0x20</size>
         <input_file_ref idref="fl-2"/>
      </object_component>
      <object_component id="oc-15b">
         <name>.debug_line</name>
         <load_address>0xd56</load_address>
         <run_address>0xd56</run_address>
         <size>0x2d</size>
         <input_file_ref idref="fl-2"/>
      </object_component>
      <object_component id="oc-186">
         <name>.debug_line</name>
         <load_address>0xd83</load_address>
         <run_address>0xd83</run_address>
         <size>0x31</size>
         <input_file_ref idref="fl-2"/>
      </object_component>
      <object_component id="oc-167">
         <name>.debug_line</name>
         <load_address>0xdb4</load_address>
         <run_address>0xdb4</run_address>
         <size>0x32</size>
         <input_file_ref idref="fl-3"/>
      </object_component>
      <object_component id="oc-174">
         <name>.debug_line</name>
         <load_address>0xde6</load_address>
         <run_address>0xde6</run_address>
         <size>0x32</size>
         <input_file_ref idref="fl-3"/>
      </object_component>
      <object_component id="oc-176">
         <name>.debug_line</name>
         <load_address>0xe18</load_address>
         <run_address>0xe18</run_address>
         <size>0x32</size>
         <input_file_ref idref="fl-3"/>
      </object_component>
      <object_component id="oc-182">
         <name>.debug_line</name>
         <load_address>0xe4a</load_address>
         <run_address>0xe4a</run_address>
         <size>0x31</size>
         <input_file_ref idref="fl-4"/>
      </object_component>
      <object_component id="oc-17e">
         <name>.debug_line</name>
         <load_address>0xe7b</load_address>
         <run_address>0xe7b</run_address>
         <size>0x2d</size>
         <input_file_ref idref="fl-4"/>
      </object_component>
      <object_component id="oc-180">
         <name>.debug_line</name>
         <load_address>0xea8</load_address>
         <run_address>0xea8</run_address>
         <size>0x2d</size>
         <input_file_ref idref="fl-4"/>
      </object_component>
      <object_component id="oc-108">
         <name>.debug_line</name>
         <load_address>0xed5</load_address>
         <run_address>0xed5</run_address>
         <size>0x1e5</size>
         <input_file_ref idref="fl-4"/>
      </object_component>
      <object_component id="oc-189">
         <name>.debug_line</name>
         <load_address>0x10ba</load_address>
         <run_address>0x10ba</run_address>
         <size>0x2c</size>
         <input_file_ref idref="fl-5"/>
      </object_component>
      <object_component id="oc-10c">
         <name>.debug_line</name>
         <load_address>0x10e6</load_address>
         <run_address>0x10e6</run_address>
         <size>0x129</size>
         <input_file_ref idref="fl-5"/>
      </object_component>
      <object_component id="oc-9d">
         <name>.debug_line</name>
         <load_address>0x120f</load_address>
         <run_address>0x120f</run_address>
         <size>0x88</size>
         <input_file_ref idref="fl-9"/>
      </object_component>
      <object_component id="oc-12">
         <name>.debug_line</name>
         <load_address>0x1297</load_address>
         <run_address>0x1297</run_address>
         <size>0x54</size>
         <input_file_ref idref="fl-c2"/>
      </object_component>
      <object_component id="oc-d7">
         <name>.debug_line</name>
         <load_address>0x12eb</load_address>
         <run_address>0x12eb</run_address>
         <size>0x75</size>
         <input_file_ref idref="fl-c3"/>
      </object_component>
      <object_component id="oc-3e">
         <name>.debug_line</name>
         <load_address>0x1360</load_address>
         <run_address>0x1360</run_address>
         <size>0x3d</size>
         <input_file_ref idref="fl-c4"/>
      </object_component>
      <object_component id="oc-f1">
         <name>.debug_line</name>
         <load_address>0x139d</load_address>
         <run_address>0x139d</run_address>
         <size>0x8e</size>
         <input_file_ref idref="fl-c5"/>
      </object_component>
      <object_component id="oc-6f">
         <name>.debug_line</name>
         <load_address>0x142b</load_address>
         <run_address>0x142b</run_address>
         <size>0x72</size>
         <input_file_ref idref="fl-c5"/>
      </object_component>
      <object_component id="oc-f5">
         <name>.debug_line</name>
         <load_address>0x149d</load_address>
         <run_address>0x149d</run_address>
         <size>0x2e</size>
         <input_file_ref idref="fl-c5"/>
      </object_component>
      <object_component id="oc-146">
         <name>.debug_line</name>
         <load_address>0x14cb</load_address>
         <run_address>0x14cb</run_address>
         <size>0x69</size>
         <input_file_ref idref="fl-c5"/>
      </object_component>
      <object_component id="oc-fa">
         <name>.debug_line</name>
         <load_address>0x1534</load_address>
         <run_address>0x1534</run_address>
         <size>0x66</size>
         <input_file_ref idref="fl-c5"/>
      </object_component>
      <object_component id="oc-ff">
         <name>.debug_line</name>
         <load_address>0x159a</load_address>
         <run_address>0x159a</run_address>
         <size>0x62</size>
         <input_file_ref idref="fl-c5"/>
      </object_component>
      <object_component id="oc-44">
         <name>.debug_line</name>
         <load_address>0x15fc</load_address>
         <run_address>0x15fc</run_address>
         <size>0x40</size>
         <input_file_ref idref="fl-c6"/>
      </object_component>
      <object_component id="oc-bc">
         <name>.debug_line</name>
         <load_address>0x163c</load_address>
         <run_address>0x163c</run_address>
         <size>0x61</size>
         <input_file_ref idref="fl-c8"/>
      </object_component>
      <object_component id="oc-32">
         <name>.debug_line</name>
         <load_address>0x169d</load_address>
         <run_address>0x169d</run_address>
         <size>0x4f</size>
         <input_file_ref idref="fl-c8"/>
      </object_component>
      <object_component id="oc-60">
         <name>.debug_line</name>
         <load_address>0x16ec</load_address>
         <run_address>0x16ec</run_address>
         <size>0x34</size>
         <input_file_ref idref="fl-c8"/>
      </object_component>
      <object_component id="oc-b9">
         <name>.debug_line</name>
         <load_address>0x1720</load_address>
         <run_address>0x1720</run_address>
         <size>0x61</size>
         <input_file_ref idref="fl-c8"/>
      </object_component>
      <object_component id="oc-5b">
         <name>.debug_line</name>
         <load_address>0x1781</load_address>
         <run_address>0x1781</run_address>
         <size>0x20</size>
         <input_file_ref idref="fl-c9"/>
      </object_component>
      <object_component id="oc-b">
         <name>.debug_line</name>
         <load_address>0x17a1</load_address>
         <run_address>0x17a1</run_address>
         <size>0x52</size>
         <input_file_ref idref="fl-c9"/>
      </object_component>
      <object_component id="oc-2a">
         <name>.debug_line</name>
         <load_address>0x17f3</load_address>
         <run_address>0x17f3</run_address>
         <size>0x3a</size>
         <input_file_ref idref="fl-c9"/>
      </object_component>
      <object_component id="oc-58">
         <name>.debug_line</name>
         <load_address>0x182d</load_address>
         <run_address>0x182d</run_address>
         <size>0x61</size>
         <input_file_ref idref="fl-c9"/>
      </object_component>
      <object_component id="oc-b5">
         <name>.debug_line</name>
         <load_address>0x188e</load_address>
         <run_address>0x188e</run_address>
         <size>0x20</size>
         <input_file_ref idref="fl-ca"/>
      </object_component>
      <object_component id="oc-4">
         <name>.debug_line</name>
         <load_address>0x18ae</load_address>
         <run_address>0x18ae</run_address>
         <size>0x99</size>
         <input_file_ref idref="fl-ca"/>
      </object_component>
      <object_component id="oc-1a">
         <name>.debug_line</name>
         <load_address>0x1947</load_address>
         <run_address>0x1947</run_address>
         <size>0x3a</size>
         <input_file_ref idref="fl-ca"/>
      </object_component>
      <object_component id="oc-b2">
         <name>.debug_line</name>
         <load_address>0x1981</load_address>
         <run_address>0x1981</run_address>
         <size>0x69</size>
         <input_file_ref idref="fl-ca"/>
      </object_component>
      <object_component id="oc-51">
         <name>.debug_line</name>
         <load_address>0x19ea</load_address>
         <run_address>0x19ea</run_address>
         <size>0x65</size>
         <input_file_ref idref="fl-ca"/>
      </object_component>
      <object_component id="oc-a6">
         <name>.debug_line</name>
         <load_address>0x1a4f</load_address>
         <run_address>0x1a4f</run_address>
         <size>0x3c</size>
         <input_file_ref idref="fl-cb"/>
      </object_component>
      <object_component id="oc-e0">
         <name>.debug_line</name>
         <load_address>0x1a8b</load_address>
         <run_address>0x1a8b</run_address>
         <size>0x2f</size>
         <input_file_ref idref="fl-cd"/>
      </object_component>
      <object_component id="oc-4a">
         <name>.debug_line</name>
         <load_address>0x1aba</load_address>
         <run_address>0x1aba</run_address>
         <size>0x4e</size>
         <input_file_ref idref="fl-cd"/>
      </object_component>
      <object_component id="oc-e4">
         <name>.debug_line</name>
         <load_address>0x1b08</load_address>
         <run_address>0x1b08</run_address>
         <size>0x2f</size>
         <input_file_ref idref="fl-cd"/>
      </object_component>
      <object_component id="oc-133">
         <name>.debug_line</name>
         <load_address>0x1b37</load_address>
         <run_address>0x1b37</run_address>
         <size>0x37</size>
         <input_file_ref idref="fl-ce"/>
      </object_component>
      <object_component id="oc-23">
         <name>.debug_line</name>
         <load_address>0x1b6e</load_address>
         <run_address>0x1b6e</run_address>
         <size>0xa2</size>
         <input_file_ref idref="fl-cf"/>
      </object_component>
      <object_component id="oc-ce">
         <name>.debug_frame</name>
         <load_address>0x0</load_address>
         <run_address>0x0</run_address>
         <size>0x3a4</size>
         <input_file_ref idref="fl-2"/>
      </object_component>
      <object_component id="oc-104">
         <name>.debug_frame</name>
         <load_address>0x3a4</load_address>
         <run_address>0x3a4</run_address>
         <size>0x18c</size>
         <input_file_ref idref="fl-4"/>
      </object_component>
      <object_component id="oc-10b">
         <name>.debug_frame</name>
         <load_address>0x530</load_address>
         <run_address>0x530</run_address>
         <size>0x90</size>
         <input_file_ref idref="fl-5"/>
      </object_component>
      <object_component id="oc-9e">
         <name>.debug_frame</name>
         <load_address>0x5c0</load_address>
         <run_address>0x5c0</run_address>
         <size>0x58</size>
         <input_file_ref idref="fl-9"/>
      </object_component>
      <object_component id="oc-3d">
         <name>.debug_frame</name>
         <load_address>0x618</load_address>
         <run_address>0x618</run_address>
         <size>0x34</size>
         <input_file_ref idref="fl-c4"/>
      </object_component>
      <object_component id="oc-70">
         <name>.debug_frame</name>
         <load_address>0x64c</load_address>
         <run_address>0x64c</run_address>
         <size>0x44</size>
         <input_file_ref idref="fl-c5"/>
      </object_component>
      <object_component id="oc-40">
         <name>.debug_frame</name>
         <load_address>0x690</load_address>
         <run_address>0x690</run_address>
         <size>0x34</size>
         <input_file_ref idref="fl-c6"/>
      </object_component>
      <object_component id="oc-2e">
         <name>.debug_frame</name>
         <load_address>0x6c4</load_address>
         <run_address>0x6c4</run_address>
         <size>0x34</size>
         <input_file_ref idref="fl-c8"/>
      </object_component>
      <object_component id="oc-e">
         <name>.debug_frame</name>
         <load_address>0x6f8</load_address>
         <run_address>0x6f8</run_address>
         <size>0x34</size>
         <input_file_ref idref="fl-c9"/>
      </object_component>
      <object_component id="oc-8">
         <name>.debug_frame</name>
         <load_address>0x72c</load_address>
         <run_address>0x72c</run_address>
         <size>0x44</size>
         <input_file_ref idref="fl-ca"/>
      </object_component>
      <object_component id="oc-a4">
         <name>.debug_frame</name>
         <load_address>0x770</load_address>
         <run_address>0x770</run_address>
         <size>0x34</size>
         <input_file_ref idref="fl-cb"/>
      </object_component>
      <object_component id="oc-4b">
         <name>.debug_frame</name>
         <load_address>0x7a4</load_address>
         <run_address>0x7a4</run_address>
         <size>0x34</size>
         <input_file_ref idref="fl-cd"/>
      </object_component>
      <object_component id="oc-177">
         <name>.debug_abbrev</name>
         <load_address>0x0</load_address>
         <run_address>0x0</run_address>
         <size>0xb8</size>
         <input_file_ref idref="fl-2"/>
      </object_component>
      <object_component id="oc-160">
         <name>.debug_abbrev</name>
         <load_address>0xb8</load_address>
         <run_address>0xb8</run_address>
         <size>0x27</size>
         <input_file_ref idref="fl-2"/>
      </object_component>
      <object_component id="oc-162">
         <name>.debug_abbrev</name>
         <load_address>0xdf</load_address>
         <run_address>0xdf</run_address>
         <size>0x27</size>
         <input_file_ref idref="fl-2"/>
      </object_component>
      <object_component id="oc-164">
         <name>.debug_abbrev</name>
         <load_address>0x106</load_address>
         <run_address>0x106</run_address>
         <size>0x27</size>
         <input_file_ref idref="fl-2"/>
      </object_component>
      <object_component id="oc-171">
         <name>.debug_abbrev</name>
         <load_address>0x12d</load_address>
         <run_address>0x12d</run_address>
         <size>0x27</size>
         <input_file_ref idref="fl-2"/>
      </object_component>
      <object_component id="oc-16d">
         <name>.debug_abbrev</name>
         <load_address>0x154</load_address>
         <run_address>0x154</run_address>
         <size>0x27</size>
         <input_file_ref idref="fl-2"/>
      </object_component>
      <object_component id="oc-16f">
         <name>.debug_abbrev</name>
         <load_address>0x17b</load_address>
         <run_address>0x17b</run_address>
         <size>0x27</size>
         <input_file_ref idref="fl-2"/>
      </object_component>
      <object_component id="oc-12d">
         <name>.debug_abbrev</name>
         <load_address>0x1a2</load_address>
         <run_address>0x1a2</run_address>
         <size>0x137</size>
         <input_file_ref idref="fl-2"/>
      </object_component>
      <object_component id="oc-dc">
         <name>.debug_abbrev</name>
         <load_address>0x2d9</load_address>
         <run_address>0x2d9</run_address>
         <size>0x53</size>
         <input_file_ref idref="fl-2"/>
      </object_component>
      <object_component id="oc-16a">
         <name>.debug_abbrev</name>
         <load_address>0x32c</load_address>
         <run_address>0x32c</run_address>
         <size>0x49</size>
         <input_file_ref idref="fl-2"/>
      </object_component>
      <object_component id="oc-1e">
         <name>.debug_abbrev</name>
         <load_address>0x375</load_address>
         <run_address>0x375</run_address>
         <size>0x1f</size>
         <input_file_ref idref="fl-2"/>
      </object_component>
      <object_component id="oc-15a">
         <name>.debug_abbrev</name>
         <load_address>0x394</load_address>
         <run_address>0x394</run_address>
         <size>0x24</size>
         <input_file_ref idref="fl-2"/>
      </object_component>
      <object_component id="oc-185">
         <name>.debug_abbrev</name>
         <load_address>0x3b8</load_address>
         <run_address>0x3b8</run_address>
         <size>0x24</size>
         <input_file_ref idref="fl-2"/>
      </object_component>
      <object_component id="oc-166">
         <name>.debug_abbrev</name>
         <load_address>0x3dc</load_address>
         <run_address>0x3dc</run_address>
         <size>0x29</size>
         <input_file_ref idref="fl-3"/>
      </object_component>
      <object_component id="oc-173">
         <name>.debug_abbrev</name>
         <load_address>0x405</load_address>
         <run_address>0x405</run_address>
         <size>0x29</size>
         <input_file_ref idref="fl-3"/>
      </object_component>
      <object_component id="oc-175">
         <name>.debug_abbrev</name>
         <load_address>0x42e</load_address>
         <run_address>0x42e</run_address>
         <size>0x29</size>
         <input_file_ref idref="fl-3"/>
      </object_component>
      <object_component id="oc-181">
         <name>.debug_abbrev</name>
         <load_address>0x457</load_address>
         <run_address>0x457</run_address>
         <size>0xa0</size>
         <input_file_ref idref="fl-4"/>
      </object_component>
      <object_component id="oc-17d">
         <name>.debug_abbrev</name>
         <load_address>0x4f7</load_address>
         <run_address>0x4f7</run_address>
         <size>0x27</size>
         <input_file_ref idref="fl-4"/>
      </object_component>
      <object_component id="oc-17f">
         <name>.debug_abbrev</name>
         <load_address>0x51e</load_address>
         <run_address>0x51e</run_address>
         <size>0x27</size>
         <input_file_ref idref="fl-4"/>
      </object_component>
      <object_component id="oc-156">
         <name>.debug_abbrev</name>
         <load_address>0x545</load_address>
         <run_address>0x545</run_address>
         <size>0x101</size>
         <input_file_ref idref="fl-4"/>
      </object_component>
      <object_component id="oc-188">
         <name>.debug_abbrev</name>
         <load_address>0x646</load_address>
         <run_address>0x646</run_address>
         <size>0x61</size>
         <input_file_ref idref="fl-5"/>
      </object_component>
      <object_component id="oc-15e">
         <name>.debug_abbrev</name>
         <load_address>0x6a7</load_address>
         <run_address>0x6a7</run_address>
         <size>0xa7</size>
         <input_file_ref idref="fl-5"/>
      </object_component>
      <object_component id="oc-d9">
         <name>.debug_abbrev</name>
         <load_address>0x74e</load_address>
         <run_address>0x74e</run_address>
         <size>0x9b</size>
         <input_file_ref idref="fl-9"/>
      </object_component>
      <object_component id="oc-4d">
         <name>.debug_abbrev</name>
         <load_address>0x7e9</load_address>
         <run_address>0x7e9</run_address>
         <size>0x3e</size>
         <input_file_ref idref="fl-c2"/>
      </object_component>
      <object_component id="oc-134">
         <name>.debug_abbrev</name>
         <load_address>0x827</load_address>
         <run_address>0x827</run_address>
         <size>0x4c</size>
         <input_file_ref idref="fl-c3"/>
      </object_component>
      <object_component id="oc-69">
         <name>.debug_abbrev</name>
         <load_address>0x873</load_address>
         <run_address>0x873</run_address>
         <size>0x53</size>
         <input_file_ref idref="fl-c4"/>
      </object_component>
      <object_component id="oc-f0">
         <name>.debug_abbrev</name>
         <load_address>0x8c6</load_address>
         <run_address>0x8c6</run_address>
         <size>0xc0</size>
         <input_file_ref idref="fl-c5"/>
      </object_component>
      <object_component id="oc-be">
         <name>.debug_abbrev</name>
         <load_address>0x986</load_address>
         <run_address>0x986</run_address>
         <size>0x7e</size>
         <input_file_ref idref="fl-c5"/>
      </object_component>
      <object_component id="oc-f4">
         <name>.debug_abbrev</name>
         <load_address>0xa04</load_address>
         <run_address>0xa04</run_address>
         <size>0x24</size>
         <input_file_ref idref="fl-c5"/>
      </object_component>
      <object_component id="oc-145">
         <name>.debug_abbrev</name>
         <load_address>0xa28</load_address>
         <run_address>0xa28</run_address>
         <size>0x24</size>
         <input_file_ref idref="fl-c5"/>
      </object_component>
      <object_component id="oc-f9">
         <name>.debug_abbrev</name>
         <load_address>0xa4c</load_address>
         <run_address>0xa4c</run_address>
         <size>0x24</size>
         <input_file_ref idref="fl-c5"/>
      </object_component>
      <object_component id="oc-fe">
         <name>.debug_abbrev</name>
         <load_address>0xa70</load_address>
         <run_address>0xa70</run_address>
         <size>0x4b</size>
         <input_file_ref idref="fl-c5"/>
      </object_component>
      <object_component id="oc-6a">
         <name>.debug_abbrev</name>
         <load_address>0xabb</load_address>
         <run_address>0xabb</run_address>
         <size>0x55</size>
         <input_file_ref idref="fl-c6"/>
      </object_component>
      <object_component id="oc-bb">
         <name>.debug_abbrev</name>
         <load_address>0xb10</load_address>
         <run_address>0xb10</run_address>
         <size>0x5d</size>
         <input_file_ref idref="fl-c8"/>
      </object_component>
      <object_component id="oc-5c">
         <name>.debug_abbrev</name>
         <load_address>0xb6d</load_address>
         <run_address>0xb6d</run_address>
         <size>0x6f</size>
         <input_file_ref idref="fl-c8"/>
      </object_component>
      <object_component id="oc-5f">
         <name>.debug_abbrev</name>
         <load_address>0xbdc</load_address>
         <run_address>0xbdc</run_address>
         <size>0x24</size>
         <input_file_ref idref="fl-c8"/>
      </object_component>
      <object_component id="oc-b8">
         <name>.debug_abbrev</name>
         <load_address>0xc00</load_address>
         <run_address>0xc00</run_address>
         <size>0x24</size>
         <input_file_ref idref="fl-c8"/>
      </object_component>
      <object_component id="oc-5a">
         <name>.debug_abbrev</name>
         <load_address>0xc24</load_address>
         <run_address>0xc24</run_address>
         <size>0x37</size>
         <input_file_ref idref="fl-c9"/>
      </object_component>
      <object_component id="oc-26">
         <name>.debug_abbrev</name>
         <load_address>0xc5b</load_address>
         <run_address>0xc5b</run_address>
         <size>0x74</size>
         <input_file_ref idref="fl-c9"/>
      </object_component>
      <object_component id="oc-29">
         <name>.debug_abbrev</name>
         <load_address>0xccf</load_address>
         <run_address>0xccf</run_address>
         <size>0x24</size>
         <input_file_ref idref="fl-c9"/>
      </object_component>
      <object_component id="oc-57">
         <name>.debug_abbrev</name>
         <load_address>0xcf3</load_address>
         <run_address>0xcf3</run_address>
         <size>0x24</size>
         <input_file_ref idref="fl-c9"/>
      </object_component>
      <object_component id="oc-b4">
         <name>.debug_abbrev</name>
         <load_address>0xd17</load_address>
         <run_address>0xd17</run_address>
         <size>0x37</size>
         <input_file_ref idref="fl-ca"/>
      </object_component>
      <object_component id="oc-16">
         <name>.debug_abbrev</name>
         <load_address>0xd4e</load_address>
         <run_address>0xd4e</run_address>
         <size>0x6f</size>
         <input_file_ref idref="fl-ca"/>
      </object_component>
      <object_component id="oc-19">
         <name>.debug_abbrev</name>
         <load_address>0xdbd</load_address>
         <run_address>0xdbd</run_address>
         <size>0x24</size>
         <input_file_ref idref="fl-ca"/>
      </object_component>
      <object_component id="oc-b1">
         <name>.debug_abbrev</name>
         <load_address>0xde1</load_address>
         <run_address>0xde1</run_address>
         <size>0x35</size>
         <input_file_ref idref="fl-ca"/>
      </object_component>
      <object_component id="oc-50">
         <name>.debug_abbrev</name>
         <load_address>0xe16</load_address>
         <run_address>0xe16</run_address>
         <size>0x24</size>
         <input_file_ref idref="fl-ca"/>
      </object_component>
      <object_component id="oc-e6">
         <name>.debug_abbrev</name>
         <load_address>0xe3a</load_address>
         <run_address>0xe3a</run_address>
         <size>0x45</size>
         <input_file_ref idref="fl-cb"/>
      </object_component>
      <object_component id="oc-df">
         <name>.debug_abbrev</name>
         <load_address>0xe7f</load_address>
         <run_address>0xe7f</run_address>
         <size>0x80</size>
         <input_file_ref idref="fl-cd"/>
      </object_component>
      <object_component id="oc-a1">
         <name>.debug_abbrev</name>
         <load_address>0xeff</load_address>
         <run_address>0xeff</run_address>
         <size>0x68</size>
         <input_file_ref idref="fl-cd"/>
      </object_component>
      <object_component id="oc-e3">
         <name>.debug_abbrev</name>
         <load_address>0xf67</load_address>
         <run_address>0xf67</run_address>
         <size>0x49</size>
         <input_file_ref idref="fl-cd"/>
      </object_component>
      <object_component id="oc-179">
         <name>.debug_abbrev</name>
         <load_address>0xfb0</load_address>
         <run_address>0xfb0</run_address>
         <size>0x38</size>
         <input_file_ref idref="fl-ce"/>
      </object_component>
      <object_component id="oc-54">
         <name>.debug_abbrev</name>
         <load_address>0xfe8</load_address>
         <run_address>0xfe8</run_address>
         <size>0x3e</size>
         <input_file_ref idref="fl-cf"/>
      </object_component>
      <object_component id="oc-1c6">
         <name>.debug_abbrev</name>
         <load_address>0x1026</load_address>
         <run_address>0x1026</run_address>
         <size>0xf</size>
      </object_component>
      <object_component id="oc-de">
         <name>.debug_str</name>
         <load_address>0x0</load_address>
         <run_address>0x0</run_address>
         <size>0xc8</size>
         <input_file_ref idref="fl-2"/>
      </object_component>
      <object_component id="oc-16c">
         <name>.debug_str</name>
         <load_address>0xc8</load_address>
         <run_address>0xc8</run_address>
         <size>0xc1</size>
         <input_file_ref idref="fl-2"/>
      </object_component>
      <object_component id="oc-20">
         <name>.debug_str</name>
         <load_address>0x189</load_address>
         <run_address>0x189</run_address>
         <size>0xfe</size>
         <input_file_ref idref="fl-2"/>
      </object_component>
      <object_component id="oc-15c">
         <name>.debug_str</name>
         <load_address>0x287</load_address>
         <run_address>0x287</run_address>
         <size>0xa1</size>
         <input_file_ref idref="fl-2"/>
      </object_component>
      <object_component id="oc-187">
         <name>.debug_str</name>
         <load_address>0x328</load_address>
         <run_address>0x328</run_address>
         <size>0xa1</size>
         <input_file_ref idref="fl-2"/>
      </object_component>
      <object_component id="oc-f6">
         <name>.debug_str</name>
         <load_address>0x3c9</load_address>
         <run_address>0x3c9</run_address>
         <size>0xbb</size>
         <input_file_ref idref="fl-c5"/>
      </object_component>
      <object_component id="oc-147">
         <name>.debug_str</name>
         <load_address>0x484</load_address>
         <run_address>0x484</run_address>
         <size>0xf4</size>
         <input_file_ref idref="fl-c5"/>
      </object_component>
      <object_component id="oc-fb">
         <name>.debug_str</name>
         <load_address>0x578</load_address>
         <run_address>0x578</run_address>
         <size>0xed</size>
         <input_file_ref idref="fl-c5"/>
      </object_component>
      <object_component id="oc-100">
         <name>.debug_str</name>
         <load_address>0x665</load_address>
         <run_address>0x665</run_address>
         <size>0x134</size>
         <input_file_ref idref="fl-c5"/>
      </object_component>
      <object_component id="oc-61">
         <name>.debug_str</name>
         <load_address>0x799</load_address>
         <run_address>0x799</run_address>
         <size>0xd3</size>
         <input_file_ref idref="fl-c8"/>
      </object_component>
      <object_component id="oc-ba">
         <name>.debug_str</name>
         <load_address>0x86c</load_address>
         <run_address>0x86c</run_address>
         <size>0xdd</size>
         <input_file_ref idref="fl-c8"/>
      </object_component>
      <object_component id="oc-2b">
         <name>.debug_str</name>
         <load_address>0x949</load_address>
         <run_address>0x949</run_address>
         <size>0xd9</size>
         <input_file_ref idref="fl-c9"/>
      </object_component>
      <object_component id="oc-59">
         <name>.debug_str</name>
         <load_address>0xa22</load_address>
         <run_address>0xa22</run_address>
         <size>0xdd</size>
         <input_file_ref idref="fl-c9"/>
      </object_component>
      <object_component id="oc-1b">
         <name>.debug_str</name>
         <load_address>0xaff</load_address>
         <run_address>0xaff</run_address>
         <size>0xe6</size>
         <input_file_ref idref="fl-ca"/>
      </object_component>
      <object_component id="oc-b3">
         <name>.debug_str</name>
         <load_address>0xbe5</load_address>
         <run_address>0xbe5</run_address>
         <size>0x108</size>
         <input_file_ref idref="fl-ca"/>
      </object_component>
      <object_component id="oc-52">
         <name>.debug_str</name>
         <load_address>0xced</load_address>
         <run_address>0xced</run_address>
         <size>0xf5</size>
         <input_file_ref idref="fl-ca"/>
      </object_component>
      <object_component id="oc-e5">
         <name>.debug_str</name>
         <load_address>0xde2</load_address>
         <run_address>0xde2</run_address>
         <size>0xb3</size>
         <input_file_ref idref="fl-cd"/>
      </object_component>
      <object_component id="oc-d0">
         <name>.debug_aranges</name>
         <load_address>0x0</load_address>
         <run_address>0x0</run_address>
         <size>0x128</size>
         <input_file_ref idref="fl-2"/>
      </object_component>
      <object_component id="oc-107">
         <name>.debug_aranges</name>
         <load_address>0x128</load_address>
         <run_address>0x128</run_address>
         <size>0x80</size>
         <input_file_ref idref="fl-4"/>
      </object_component>
      <object_component id="oc-10a">
         <name>.debug_aranges</name>
         <load_address>0x1a8</load_address>
         <run_address>0x1a8</run_address>
         <size>0x38</size>
         <input_file_ref idref="fl-5"/>
      </object_component>
      <object_component id="oc-9c">
         <name>.debug_aranges</name>
         <load_address>0x1e0</load_address>
         <run_address>0x1e0</run_address>
         <size>0x28</size>
         <input_file_ref idref="fl-9"/>
      </object_component>
      <object_component id="oc-11">
         <name>.debug_aranges</name>
         <load_address>0x208</load_address>
         <run_address>0x208</run_address>
         <size>0x20</size>
         <input_file_ref idref="fl-c2"/>
      </object_component>
      <object_component id="oc-d6">
         <name>.debug_aranges</name>
         <load_address>0x228</load_address>
         <run_address>0x228</run_address>
         <size>0x20</size>
         <input_file_ref idref="fl-c3"/>
      </object_component>
      <object_component id="oc-3b">
         <name>.debug_aranges</name>
         <load_address>0x248</load_address>
         <run_address>0x248</run_address>
         <size>0x20</size>
         <input_file_ref idref="fl-c4"/>
      </object_component>
      <object_component id="oc-6d">
         <name>.debug_aranges</name>
         <load_address>0x268</load_address>
         <run_address>0x268</run_address>
         <size>0x20</size>
         <input_file_ref idref="fl-c5"/>
      </object_component>
      <object_component id="oc-43">
         <name>.debug_aranges</name>
         <load_address>0x288</load_address>
         <run_address>0x288</run_address>
         <size>0x20</size>
         <input_file_ref idref="fl-c6"/>
      </object_component>
      <object_component id="oc-30">
         <name>.debug_aranges</name>
         <load_address>0x2a8</load_address>
         <run_address>0x2a8</run_address>
         <size>0x20</size>
         <input_file_ref idref="fl-c8"/>
      </object_component>
      <object_component id="oc-a">
         <name>.debug_aranges</name>
         <load_address>0x2c8</load_address>
         <run_address>0x2c8</run_address>
         <size>0x20</size>
         <input_file_ref idref="fl-c9"/>
      </object_component>
      <object_component id="oc-7">
         <name>.debug_aranges</name>
         <load_address>0x2e8</load_address>
         <run_address>0x2e8</run_address>
         <size>0x20</size>
         <input_file_ref idref="fl-ca"/>
      </object_component>
      <object_component id="oc-a5">
         <name>.debug_aranges</name>
         <load_address>0x308</load_address>
         <run_address>0x308</run_address>
         <size>0x20</size>
         <input_file_ref idref="fl-cb"/>
      </object_component>
      <object_component id="oc-47">
         <name>.debug_aranges</name>
         <load_address>0x328</load_address>
         <run_address>0x328</run_address>
         <size>0x20</size>
         <input_file_ref idref="fl-cd"/>
      </object_component>
      <object_component id="oc-132">
         <name>.debug_aranges</name>
         <load_address>0x348</load_address>
         <run_address>0x348</run_address>
         <size>0x20</size>
         <input_file_ref idref="fl-ce"/>
      </object_component>
      <object_component id="oc-22">
         <name>.debug_aranges</name>
         <load_address>0x368</load_address>
         <run_address>0x368</run_address>
         <size>0x20</size>
         <input_file_ref idref="fl-cf"/>
      </object_component>
      <object_component id="oc-111">
         <name>.debug_pubnames</name>
         <load_address>0x0</load_address>
         <run_address>0x0</run_address>
         <size>0x285</size>
         <input_file_ref idref="fl-2"/>
      </object_component>
      <object_component id="oc-114">
         <name>.debug_pubnames</name>
         <load_address>0x285</load_address>
         <run_address>0x285</run_address>
         <size>0x29</size>
         <input_file_ref idref="fl-2"/>
      </object_component>
      <object_component id="oc-117">
         <name>.debug_pubnames</name>
         <load_address>0x2ae</load_address>
         <run_address>0x2ae</run_address>
         <size>0x29</size>
         <input_file_ref idref="fl-2"/>
      </object_component>
      <object_component id="oc-123">
         <name>.debug_pubnames</name>
         <load_address>0x2d7</load_address>
         <run_address>0x2d7</run_address>
         <size>0x28</size>
         <input_file_ref idref="fl-2"/>
      </object_component>
      <object_component id="oc-11d">
         <name>.debug_pubnames</name>
         <load_address>0x2ff</load_address>
         <run_address>0x2ff</run_address>
         <size>0x28</size>
         <input_file_ref idref="fl-2"/>
      </object_component>
      <object_component id="oc-120">
         <name>.debug_pubnames</name>
         <load_address>0x327</load_address>
         <run_address>0x327</run_address>
         <size>0x2f</size>
         <input_file_ref idref="fl-2"/>
      </object_component>
      <object_component id="oc-d1">
         <name>.debug_pubnames</name>
         <load_address>0x356</load_address>
         <run_address>0x356</run_address>
         <size>0x2cd</size>
         <input_file_ref idref="fl-2"/>
      </object_component>
      <object_component id="oc-11a">
         <name>.debug_pubnames</name>
         <load_address>0x623</load_address>
         <run_address>0x623</run_address>
         <size>0x23</size>
         <input_file_ref idref="fl-3"/>
      </object_component>
      <object_component id="oc-129">
         <name>.debug_pubnames</name>
         <load_address>0x646</load_address>
         <run_address>0x646</run_address>
         <size>0x29</size>
         <input_file_ref idref="fl-3"/>
      </object_component>
      <object_component id="oc-12c">
         <name>.debug_pubnames</name>
         <load_address>0x66f</load_address>
         <run_address>0x66f</run_address>
         <size>0x29</size>
         <input_file_ref idref="fl-3"/>
      </object_component>
      <object_component id="oc-151">
         <name>.debug_pubnames</name>
         <load_address>0x698</load_address>
         <run_address>0x698</run_address>
         <size>0x25</size>
         <input_file_ref idref="fl-4"/>
      </object_component>
      <object_component id="oc-154">
         <name>.debug_pubnames</name>
         <load_address>0x6bd</load_address>
         <run_address>0x6bd</run_address>
         <size>0x1f</size>
         <input_file_ref idref="fl-4"/>
      </object_component>
      <object_component id="oc-106">
         <name>.debug_pubnames</name>
         <load_address>0x6dc</load_address>
         <run_address>0x6dc</run_address>
         <size>0x122</size>
         <input_file_ref idref="fl-4"/>
      </object_component>
      <object_component id="oc-10e">
         <name>.debug_pubnames</name>
         <load_address>0x7fe</load_address>
         <run_address>0x7fe</run_address>
         <size>0x60</size>
         <input_file_ref idref="fl-5"/>
      </object_component>
      <object_component id="oc-a0">
         <name>.debug_pubnames</name>
         <load_address>0x85e</load_address>
         <run_address>0x85e</run_address>
         <size>0x2a</size>
         <input_file_ref idref="fl-9"/>
      </object_component>
      <object_component id="oc-14">
         <name>.debug_pubnames</name>
         <load_address>0x888</load_address>
         <run_address>0x888</run_address>
         <size>0x1f</size>
         <input_file_ref idref="fl-c2"/>
      </object_component>
      <object_component id="oc-d5">
         <name>.debug_pubnames</name>
         <load_address>0x8a7</load_address>
         <run_address>0x8a7</run_address>
         <size>0x27</size>
         <input_file_ref idref="fl-c3"/>
      </object_component>
      <object_component id="oc-3c">
         <name>.debug_pubnames</name>
         <load_address>0x8ce</load_address>
         <run_address>0x8ce</run_address>
         <size>0x21</size>
         <input_file_ref idref="fl-c4"/>
      </object_component>
      <object_component id="oc-6e">
         <name>.debug_pubnames</name>
         <load_address>0x8ef</load_address>
         <run_address>0x8ef</run_address>
         <size>0x35</size>
         <input_file_ref idref="fl-c5"/>
      </object_component>
      <object_component id="oc-42">
         <name>.debug_pubnames</name>
         <load_address>0x924</load_address>
         <run_address>0x924</run_address>
         <size>0x27</size>
         <input_file_ref idref="fl-c6"/>
      </object_component>
      <object_component id="oc-31">
         <name>.debug_pubnames</name>
         <load_address>0x94b</load_address>
         <run_address>0x94b</run_address>
         <size>0x2e</size>
         <input_file_ref idref="fl-c8"/>
      </object_component>
      <object_component id="oc-d">
         <name>.debug_pubnames</name>
         <load_address>0x979</load_address>
         <run_address>0x979</run_address>
         <size>0x2b</size>
         <input_file_ref idref="fl-c9"/>
      </object_component>
      <object_component id="oc-6">
         <name>.debug_pubnames</name>
         <load_address>0x9a4</load_address>
         <run_address>0x9a4</run_address>
         <size>0x2b</size>
         <input_file_ref idref="fl-ca"/>
      </object_component>
      <object_component id="oc-a8">
         <name>.debug_pubnames</name>
         <load_address>0x9cf</load_address>
         <run_address>0x9cf</run_address>
         <size>0x1c</size>
         <input_file_ref idref="fl-cb"/>
      </object_component>
      <object_component id="oc-49">
         <name>.debug_pubnames</name>
         <load_address>0x9eb</load_address>
         <run_address>0x9eb</run_address>
         <size>0x21</size>
         <input_file_ref idref="fl-cd"/>
      </object_component>
      <object_component id="oc-131">
         <name>.debug_pubnames</name>
         <load_address>0xa0c</load_address>
         <run_address>0xa0c</run_address>
         <size>0x27</size>
         <input_file_ref idref="fl-ce"/>
      </object_component>
      <object_component id="oc-25">
         <name>.debug_pubnames</name>
         <load_address>0xa33</load_address>
         <run_address>0xa33</run_address>
         <size>0x1d</size>
         <input_file_ref idref="fl-cf"/>
      </object_component>
      <object_component id="oc-db">
         <name>.debug_pubtypes</name>
         <load_address>0x0</load_address>
         <run_address>0x0</run_address>
         <size>0x3f</size>
         <input_file_ref idref="fl-2"/>
      </object_component>
      <object_component id="oc-169">
         <name>.debug_pubtypes</name>
         <load_address>0x3f</load_address>
         <run_address>0x3f</run_address>
         <size>0x29</size>
         <input_file_ref idref="fl-2"/>
      </object_component>
      <object_component id="oc-1d">
         <name>.debug_pubtypes</name>
         <load_address>0x68</load_address>
         <run_address>0x68</run_address>
         <size>0xed</size>
         <input_file_ref idref="fl-2"/>
      </object_component>
      <object_component id="oc-159">
         <name>.debug_pubtypes</name>
         <load_address>0x155</load_address>
         <run_address>0x155</run_address>
         <size>0x21</size>
         <input_file_ref idref="fl-2"/>
      </object_component>
      <object_component id="oc-184">
         <name>.debug_pubtypes</name>
         <load_address>0x176</load_address>
         <run_address>0x176</run_address>
         <size>0x1d</size>
         <input_file_ref idref="fl-2"/>
      </object_component>
      <object_component id="oc-f3">
         <name>.debug_pubtypes</name>
         <load_address>0x193</load_address>
         <run_address>0x193</run_address>
         <size>0x32</size>
         <input_file_ref idref="fl-c5"/>
      </object_component>
      <object_component id="oc-144">
         <name>.debug_pubtypes</name>
         <load_address>0x1c5</load_address>
         <run_address>0x1c5</run_address>
         <size>0x30</size>
         <input_file_ref idref="fl-c5"/>
      </object_component>
      <object_component id="oc-f8">
         <name>.debug_pubtypes</name>
         <load_address>0x1f5</load_address>
         <run_address>0x1f5</run_address>
         <size>0x2c</size>
         <input_file_ref idref="fl-c5"/>
      </object_component>
      <object_component id="oc-fd">
         <name>.debug_pubtypes</name>
         <load_address>0x221</load_address>
         <run_address>0x221</run_address>
         <size>0x50</size>
         <input_file_ref idref="fl-c5"/>
      </object_component>
      <object_component id="oc-5e">
         <name>.debug_pubtypes</name>
         <load_address>0x271</load_address>
         <run_address>0x271</run_address>
         <size>0x48</size>
         <input_file_ref idref="fl-c8"/>
      </object_component>
      <object_component id="oc-b7">
         <name>.debug_pubtypes</name>
         <load_address>0x2b9</load_address>
         <run_address>0x2b9</run_address>
         <size>0x1d</size>
         <input_file_ref idref="fl-c8"/>
      </object_component>
      <object_component id="oc-28">
         <name>.debug_pubtypes</name>
         <load_address>0x2d6</load_address>
         <run_address>0x2d6</run_address>
         <size>0x48</size>
         <input_file_ref idref="fl-c9"/>
      </object_component>
      <object_component id="oc-56">
         <name>.debug_pubtypes</name>
         <load_address>0x31e</load_address>
         <run_address>0x31e</run_address>
         <size>0x1d</size>
         <input_file_ref idref="fl-c9"/>
      </object_component>
      <object_component id="oc-18">
         <name>.debug_pubtypes</name>
         <load_address>0x33b</load_address>
         <run_address>0x33b</run_address>
         <size>0x5d</size>
         <input_file_ref idref="fl-ca"/>
      </object_component>
      <object_component id="oc-b0">
         <name>.debug_pubtypes</name>
         <load_address>0x398</load_address>
         <run_address>0x398</run_address>
         <size>0x48</size>
         <input_file_ref idref="fl-ca"/>
      </object_component>
      <object_component id="oc-4f">
         <name>.debug_pubtypes</name>
         <load_address>0x3e0</load_address>
         <run_address>0x3e0</run_address>
         <size>0x35</size>
         <input_file_ref idref="fl-ca"/>
      </object_component>
      <object_component id="oc-e2">
         <name>.debug_pubtypes</name>
         <load_address>0x415</load_address>
         <run_address>0x415</run_address>
         <size>0x1b</size>
         <input_file_ref idref="fl-cd"/>
      </object_component>
      <object_component id="oc-15">
         <name>.stack</name>
         <uninitialized>true</uninitialized>
         <run_address>0x2cb0</run_address>
         <size>0x0</size>
         <input_file_ref idref="fl-c2"/>
      </object_component>
      <object_component id="oc-1b6">
         <name>.stack</name>
         <uninitialized>true</uninitialized>
         <run_address>0x2cb0</run_address>
         <size>0x0</size>
      </object_component>
   </object_component_list>
   <logical_group_list>
      <logical_group id="lg-18a" display="no" color="cyan">
         <name>.text</name>
         <load_address>0x20</load_address>
         <run_address>0x20</run_address>
         <size>0x2b1c</size>
         <contents>
            <object_component_ref idref="oc-cd"/>
            <object_component_ref idref="oc-103"/>
            <object_component_ref idref="oc-109"/>
            <object_component_ref idref="oc-21"/>
            <object_component_ref idref="oc-d3"/>
            <object_component_ref idref="oc-9b"/>
            <object_component_ref idref="oc-3"/>
            <object_component_ref idref="oc-6b"/>
            <object_component_ref idref="oc-10"/>
            <object_component_ref idref="oc-46"/>
            <object_component_ref idref="oc-2d"/>
            <object_component_ref idref="oc-9"/>
            <object_component_ref idref="oc-3f"/>
            <object_component_ref idref="oc-a3"/>
            <object_component_ref idref="oc-39"/>
            <object_component_ref idref="oc-12f"/>
         </contents>
      </logical_group>
      <logical_group id="lg-18b" display="no" color="cyan">
         <name>.const</name>
         <run_address>0x0</run_address>
         <size>0x0</size>
         <contents>
         </contents>
      </logical_group>
      <logical_group id="lg-18c" display="no" color="cyan">
         <name>.data</name>
         <run_address>0x2c94</run_address>
         <size>0x1b</size>
         <contents>
            <object_component_ref idref="oc-11e"/>
            <object_component_ref idref="oc-126"/>
            <object_component_ref idref="oc-118"/>
            <object_component_ref idref="oc-127"/>
            <object_component_ref idref="oc-12a"/>
            <object_component_ref idref="oc-14f"/>
            <object_component_ref idref="oc-d8"/>
         </contents>
      </logical_group>
      <logical_group id="lg-18d" display="no" color="cyan">
         <name>.bss</name>
         <run_address>0x2b3c</run_address>
         <size>0x157</size>
         <contents>
            <object_component_ref idref="oc-10f"/>
            <object_component_ref idref="oc-112"/>
            <object_component_ref idref="oc-115"/>
            <object_component_ref idref="oc-121"/>
            <object_component_ref idref="oc-11b"/>
[...]
            <object_component_ref idref="oc-16"/>
            <object_component_ref idref="oc-19"/>
            <object_component_ref idref="oc-b1"/>
            <object_component_ref idref="oc-50"/>
            <object_component_ref idref="oc-e6"/>
            <object_component_ref idref="oc-df"/>
            <object_component_ref idref="oc-a1"/>
            <object_component_ref idref="oc-e3"/>
            <object_component_ref idref="oc-179"/>
            <object_component_ref idref="oc-54"/>
            <object_component_ref idref="oc-1c6"/>
         </contents>
      </logical_group>
      <logical_group id="lg-1a2" display="never" color="cyan">
         <name>.debug_str</name>
         <load_address>0x0</load_address>
         <run_address>0x0</run_address>
         <size>0xe95</size>
         <contents>
            <object_component_ref idref="oc-de"/>
            <object_component_ref idref="oc-16c"/>
            <object_component_ref idref="oc-20"/>
            <object_component_ref idref="oc-15c"/>
            <object_component_ref idref="oc-187"/>
            <object_component_ref idref="oc-f6"/>
            <object_component_ref idref="oc-147"/>
            <object_component_ref idref="oc-fb"/>
            <object_component_ref idref="oc-100"/>
            <object_component_ref idref="oc-61"/>
            <object_component_ref idref="oc-ba"/>
            <object_component_ref idref="oc-2b"/>
            <object_component_ref idref="oc-59"/>
            <object_component_ref idref="oc-1b"/>
            <object_component_ref idref="oc-b3"/>
            <object_component_ref idref="oc-52"/>
            <object_component_ref idref="oc-e5"/>
         </contents>
      </logical_group>
      <logical_group id="lg-1a4" display="never" color="cyan">
         <name>.debug_aranges</name>
         <load_address>0x0</load_address>
         <run_address>0x0</run_address>
         <size>0x388</size>
         <contents>
            <object_component_ref idref="oc-d0"/>
            <object_component_ref idref="oc-107"/>
            <object_component_ref idref="oc-10a"/>
            <object_component_ref idref="oc-9c"/>
            <object_component_ref idref="oc-11"/>
            <object_component_ref idref="oc-d6"/>
            <object_component_ref idref="oc-3b"/>
            <object_component_ref idref="oc-6d"/>
            <object_component_ref idref="oc-43"/>
            <object_component_ref idref="oc-30"/>
            <object_component_ref idref="oc-a"/>
            <object_component_ref idref="oc-7"/>
            <object_component_ref idref="oc-a5"/>
            <object_component_ref idref="oc-47"/>
            <object_component_ref idref="oc-132"/>
            <object_component_ref idref="oc-22"/>
         </contents>
      </logical_group>
      <logical_group id="lg-1a6" display="never" color="cyan">
         <name>.debug_pubnames</name>
         <load_address>0x0</load_address>
         <run_address>0x0</run_address>
         <size>0xa50</size>
         <contents>
            <object_component_ref idref="oc-111"/>
            <object_component_ref idref="oc-114"/>
            <object_component_ref idref="oc-117"/>
            <object_component_ref idref="oc-123"/>
            <object_component_ref idref="oc-11d"/>
            <object_component_ref idref="oc-120"/>
            <object_component_ref idref="oc-d1"/>
            <object_component_ref idref="oc-11a"/>
            <object_component_ref idref="oc-129"/>
            <object_component_ref idref="oc-12c"/>
            <object_component_ref idref="oc-151"/>
            <object_component_ref idref="oc-154"/>
            <object_component_ref idref="oc-106"/>
            <object_component_ref idref="oc-10e"/>
            <object_component_ref idref="oc-a0"/>
            <object_component_ref idref="oc-14"/>
            <object_component_ref idref="oc-d5"/>
            <object_component_ref idref="oc-3c"/>
            <object_component_ref idref="oc-6e"/>
            <object_component_ref idref="oc-42"/>
            <object_component_ref idref="oc-31"/>
            <object_component_ref idref="oc-d"/>
            <object_component_ref idref="oc-6"/>
            <object_component_ref idref="oc-a8"/>
            <object_component_ref idref="oc-49"/>
            <object_component_ref idref="oc-131"/>
            <object_component_ref idref="oc-25"/>
         </contents>
      </logical_group>
      <logical_group id="lg-1a8" display="never" color="cyan">
         <name>.debug_pubtypes</name>
         <load_address>0x0</load_address>
         <run_address>0x0</run_address>
         <size>0x430</size>
         <contents>
            <object_component_ref idref="oc-db"/>
            <object_component_ref idref="oc-169"/>
            <object_component_ref idref="oc-1d"/>
            <object_component_ref idref="oc-159"/>
            <object_component_ref idref="oc-184"/>
            <object_component_ref idref="oc-f3"/>
            <object_component_ref idref="oc-144"/>
            <object_component_ref idref="oc-f8"/>
            <object_component_ref idref="oc-fd"/>
            <object_component_ref idref="oc-5e"/>
            <object_component_ref idref="oc-b7"/>
            <object_component_ref idref="oc-28"/>
            <object_component_ref idref="oc-56"/>
            <object_component_ref idref="oc-18"/>
            <object_component_ref idref="oc-b0"/>
            <object_component_ref idref="oc-4f"/>
            <object_component_ref idref="oc-e2"/>
         </contents>
      </logical_group>
      <logical_group id="lg-1aa" display="no" color="cyan">
         <name>.stack</name>
         <run_address>0x2cb0</run_address>
         <size>0x800</size>
         <contents>
            <object_component_ref idref="oc-15"/>
            <object_component_ref idref="oc-1b6"/>
         </contents>
      </logical_group>
      <load_segment id="lg-1c8" display="no" color="cyan">
         <name>SEGMENT_0</name>
         <load_address>0x20</load_address>
         <run_address>0x20</run_address>
         <size>0x2b1c</size>
         <flags>0x5</flags>
         <contents>
            <logical_group_ref idref="lg-18a"/>
         </contents>
      </load_segment>
      <load_segment id="lg-1c9" display="no" color="cyan">
         <name>SEGMENT_1</name>
         <run_address>0x2b3c</run_address>
         <size>0x173</size>
         <flags>0x6</flags>
         <contents>
            <logical_group_ref idref="lg-18d"/>
            <logical_group_ref idref="lg-18c"/>
         </contents>
      </load_segment>
      <load_segment id="lg-1ca" display="no" color="cyan">
         <name>SEGMENT_2</name>
         <run_address>0x2cb0</run_address>
         <size>0x800</size>
         <flags>0x6</flags>
         <contents>
            <logical_group_ref idref="lg-1aa"/>
         </contents>
      </load_segment>
      <load_segment id="lg-1cb" display="no" color="cyan">
         <name>SEGMENT_3</name>
         <load_address>0x34b0</load_address>
         <run_address>0x34b0</run_address>
         <size>0x38</size>
         <flags>0x4</flags>
         <contents>
            <logical_group_ref idref="lg-18e"/>
         </contents>
      </load_segment>
   </logical_group_list>
   <placement_map>
      <memory_area display="yes" color="green">
         <name>RAM</name>
         <page_id>0x0</page_id>
         <origin>0x20</origin>
         <length>0xffffffe0</length>
         <used_space>0x34c6</used_space>
         <unused_space>0xffffcb1a</unused_space>
         <attributes>RWIX</attributes>
         <usage_details>
            <allocated_space>
               <start_address>0x20</start_address>
               <size>0x2b1c</size>
               <logical_group_ref idref="lg-18a"/>
            </allocated_space>
            <allocated_space>
               <start_address>0x2b3c</start_address>
               <size>0x157</size>
               <logical_group_ref idref="lg-18d"/>
            </allocated_space>
            <available_space>
               <start_address>0x2c93</start_address>
               <size>0x1</size>
            </available_space>
            <allocated_space>
               <start_address>0x2c94</start_address>
               <size>0x1b</size>
               <logical_group_ref idref="lg-18c"/>
            </allocated_space>
            <available_space>
               <start_address>0x2caf</start_address>
               <size>0x1</size>
            </available_space>
            <allocated_space>
               <start_address>0x2cb0</start_address>
               <size>0x800</size>
               <logical_group_ref idref="lg-1aa"/>
            </allocated_space>
            <allocated_space>
               <start_address>0x34b0</start_address>
               <size>0x38</size>
               <logical_group_ref idref="lg-18e"/>
            </allocated_space>
            <available_space>
               <start_address>0x34e8</start_address>
               <size>0xffffcb18</size>
            </available_space>
         </usage_details>
      </memory_area>
   </placement_map>
   <cptbl_list>
      <cptbl>
         <name>__TI_cinit_table</name>
         <cprec>
            <name>.data</name>
            <load_address>0x34b0</load_address>
            <load_size>0x10</load_size>
            <run_address>0x2c94</run_address>
            <run_size>0x1b</run_size>
            <compression>lzss</compression>
         </cprec>
         <cprec>
            <name>.bss</name>
            <load_address>0x34d0</load_address>
            <load_size>0x8</load_size>
            <run_address>0x2b3c</run_address>
            <run_size>0x157</run_size>
            <compression>zero_init</compression>
         </cprec>
      </cptbl>
   </cptbl_list>
   <handler_table>
      <handler_table_name>__TI_handler_table</handler_table_name>
      <handler>
         <index>0x0</index>
         <name>__TI_decompress_lzss</name>
      </handler>
      <handler>
         <index>0x1</index>
         <name>__TI_decompress_none</name>
      </handler>
      <handler>
         <index>0x2</index>
         <name>__TI_zero_init</name>
      </handler>
   </handler_table>
   <symbol_table>
      <symbol id="sm-1">
         <name>__TI_CINIT_Base</name>
         <value>0x34d8</value>
      </symbol>
      <symbol id="sm-2">
         <name>__TI_CINIT_Limit</name>
         <value>0x34e8</value>
      </symbol>
      <symbol id="sm-3">
         <name>__TI_Handler_Table_Base</name>
         <value>0x34c0</value>
      </symbol>
      <symbol id="sm-4">
         <name>__TI_Handler_Table_Limit</name>
         <value>0x34cc</value>
      </symbol>
      <symbol id="sm-5">
         <name>binit</name>
         <value>0xffffffff</value>
      </symbol>
      <symbol id="sm-6">
         <name>__binit__</name>
         <value>0xffffffff</value>
      </symbol>
      <symbol id="sm-7">
         <name>__STACK_SIZE</name>
         <value>0x800</value>
      </symbol>
      <symbol id="sm-8">
         <name>__STACK_END</name>
         <value>0x34b0</value>
      </symbol>
      <symbol id="sm-9">
         <name>__c_args__</name>
         <value>0xffffffff</value>
      </symbol>
      <symbol id="sm-a">
         <name>__TI_pprof_out_hndl</name>
         <value>0xffffffff</value>
      </symbol>
      <symbol id="sm-b">
         <name>__TI_prof_data_start</name>
         <value>0xffffffff</value>
      </symbol>
      <symbol id="sm-c">
         <name>__TI_prof_data_size</name>
         <value>0xffffffff</value>
      </symbol>
      <symbol id="sm-19e">
         <name>BLMGR_BluetoothInit</name>
         <value>0x40</value>
         <object_component_ref idref="oc-cd"/>
      </symbol>
      <symbol id="sm-19f">
         <name>BLMGR_Test</name>
         <value>0x30</value>
         <object_component_ref idref="oc-cd"/>
      </symbol>
      <symbol id="sm-1a0">
         <name>BLMGR_StartDevice</name>
         <value>0x20</value>
         <object_component_ref idref="oc-cd"/>
      </symbol>
      <symbol id="sm-1a1">
         <name>BLMGR_SetDeviceName</name>
         <value>0xbe8</value>
         <object_component_ref idref="oc-cd"/>
      </symbol>
      <symbol id="sm-1a2">
         <name>BLMGR_BluetoothStateMachine</name>
         <value>0x9c</value>
         <object_component_ref idref="oc-cd"/>
      </symbol>
      <symbol id="sm-1a3">
         <name>BLMGR_SetBattLevel</name>
         <value>0x10fc</value>
         <object_component_ref idref="oc-cd"/>
      </symbol>
      <symbol id="sm-1a4">
         <name>BLMGR_SetReceiver</name>
         <value>0xbcc</value>
         <object_component_ref idref="oc-cd"/>
      </symbol>
      <symbol id="sm-1b8">
         <name>BlueToothPwrConfig</name>
         <value>0x2ca6</value>
         <object_component_ref idref="oc-127"/>
      </symbol>
      <symbol id="sm-1b9">
         <name>BluetoothKeyConfig</name>
         <value>0x2ca8</value>
         <object_component_ref idref="oc-12a"/>
      </symbol>
      <symbol id="sm-1ba">
         <name>BuzzerConfig</name>
         <value>0x2caa</value>
         <object_component_ref idref="oc-118"/>
      </symbol>
      <symbol id="sm-1ff">
         <name>BLTD_SenTestCmd</name>
         <value>0x2154</value>
         <object_component_ref idref="oc-103"/>
      </symbol>
      <symbol id="sm-200">
         <name>BLTD_GetRecievedData</name>
         <value>0x2030</value>
         <object_component_ref idref="oc-103"/>
      </symbol>
      <symbol id="sm-201">
         <name>BLTD_StartWaitPairing</name>
         <value>0x1ff0</value>
         <object_component_ref idref="oc-103"/>
      </symbol>
      <symbol id="sm-202">
         <name>BLTD_StartReceivingData</name>
         <value>0x20b8</value>
         <object_component_ref idref="oc-103"/>
      </symbol>
      <symbol id="sm-203">
         <name>BLTD_CheckForResponse</name>
         <value>0x1f7c</value>
         <object_component_ref idref="oc-103"/>
      </symbol>
      <symbol id="sm-204">
         <name>BLTD_CheckForData</name>
         <value>0x20e0</value>
         <object_component_ref idref="oc-103"/>
      </symbol>
      <symbol id="sm-205">
         <name>BLTD_SendMessage</name>
         <value>0x2010</value>
         <object_component_ref idref="oc-103"/>
      </symbol>
      <symbol id="sm-206">
         <name>BLTD_SendInquireCmd</name>
         <value>0x1f48</value>
         <object_component_ref idref="oc-103"/>
      </symbol>
      <symbol id="sm-207">
         <name>BLTD_SendInitCmd</name>
         <value>0x1f14</value>
         <object_component_ref idref="oc-103"/>
      </symbol>
      <symbol id="sm-22f">
         <name>SECR_CrcPolynomialGenerate</name>
         <value>0x2300</value>
         <object_component_ref idref="oc-109"/>
      </symbol>
      <symbol id="sm-230">
         <name>SECR_GnerateCrc</name>
         <value>0x2340</value>
         <object_component_ref idref="oc-109"/>
      </symbol>
      <symbol id="sm-246">
         <name>Cyclic30ms</name>
         <value>0x2948</value>
         <object_component_ref idref="oc-9b"/>
      </symbol>
      <symbol id="sm-247">
         <name>main</name>
         <value>0x28a4</value>
         <object_component_ref idref="oc-9b"/>
      </symbol>
      <symbol id="sm-255">
         <name>_c_int00</name>
         <value>0x2a94</value>
         <object_component_ref idref="oc-10"/>
      </symbol>
      <symbol id="sm-256">
         <name>__stack</name>
         <value>0x2cb0</value>
         <object_component_ref idref="oc-15"/>
      </symbol>
      <symbol id="sm-268">
         <name>__aeabi_uidivmod</name>
         <value>0x27b4</value>
         <object_component_ref idref="oc-d3"/>
      </symbol>
      <symbol id="sm-269">
         <name>__aeabi_uidiv</name>
         <value>0x27b4</value>
         <object_component_ref idref="oc-d3"/>
      </symbol>
      <symbol id="sm-273">
         <name>__mpu_init</name>
         <value>0x2b34</value>
         <object_component_ref idref="oc-39"/>
      </symbol>
      <symbol id="sm-29b">
         <name>__TI_auto_init_nobinit_nopinit</name>
         <value>0x2a2c</value>
         <object_component_ref idref="oc-6b"/>
      </symbol>
      <symbol id="sm-2a5">
         <name>_system_pre_init</name>
         <value>0x2b24</value>
         <object_component_ref idref="oc-3f"/>
      </symbol>
      <symbol id="sm-2be">
         <name>__TI_zero_init_nomemset</name>
         <value>0x2af0</value>
         <object_component_ref idref="oc-2d"/>
      </symbol>
      <symbol id="sm-2d5">
         <name>__TI_decompress_none</name>
         <value>0x2b10</value>
         <object_component_ref idref="oc-9"/>
      </symbol>
      <symbol id="sm-2fa">
         <name>__TI_decompress_lzss</name>
         <value>0x298c</value>
         <object_component_ref idref="oc-3"/>
      </symbol>
      <symbol id="sm-305">
         <name>C$$EXIT</name>
         <value>0x2b2c</value>
         <object_component_ref idref="oc-a3"/>
      </symbol>
      <symbol id="sm-306">
         <name>abort</name>
         <value>0x2b2c</value>
         <object_component_ref idref="oc-a3"/>
      </symbol>
      <symbol id="sm-31b">
         <name>_args_main</name>
         <value>0x2ad0</value>
         <object_component_ref idref="oc-46"/>
      </symbol>
      <symbol id="sm-325">
         <name>__aeabi_idiv0</name>
         <value>0x2b38</value>
         <object_component_ref idref="oc-12f"/>
      </symbol>
      <symbol id="sm-326">
         <name>__aeabi_ldiv0</name>
         <value>0x2b38</value>
         <object_component_ref idref="oc-12f"/>
      </symbol>
      <symbol id="sm-33f">
         <name>memcpy</name>
         <value>0x2614</value>
         <object_component_ref idref="oc-21"/>
      </symbol>
      <symbol id="sm-340">
         <name>__aeabi_memcpy</name>
         <value>0x2614</value>
         <object_component_ref idref="oc-21"/>
      </symbol>
      <symbol id="sm-341">
         <name>__aeabi_memcpy8</name>
         <value>0x2614</value>
         <object_component_ref idref="oc-21"/>
      </symbol>
      <symbol id="sm-342">
         <name>__aeabi_memcpy4</name>
         <value>0x2614</value>
         <object_component_ref idref="oc-21"/>
      </symbol>
      <symbol id="sm-344">
         <name>__TI_static_base__</name>
         <value>0x34b0</value>
      </symbol>
      <symbol id="sm-347">
         <name>UART_Init</name>
         <value>0x0</value>
      </symbol>
      <symbol id="sm-348">
         <name>DIO_WritePort</name>
         <value>0x0</value>
      </symbol>
      <symbol id="sm-349">
         <name>_delay_ms</name>
         <value>0x0</value>
      </symbol>
      <symbol id="sm-34a">
         <name>DIO_InitPortDirection</name>
         <value>0x0</value>
      </symbol>
      <symbol id="sm-34b">
         <name>UART_StartReception</name>
         <value>0x0</value>
      </symbol>
      <symbol id="sm-34c">
         <name>UART_StopRception</name>
         <value>0x0</value>
      </symbol>
      <symbol id="sm-34d">
         <name>UART_TxBuffer</name>
         <value>0x0</value>
      </symbol>
      <symbol id="sm-34e">
         <name>UART_GetNumOfRxbytes</name>
         <value>0x0</value>
      </symbol>
      <symbol id="sm-34f">
         <name>rand_</name>
         <value>0x0</value>
      </symbol>
      <symbol id="sm-350">
         <name>GPT_Timer30msInit</name>
         <value>0x0</value>
      </symbol>
      <symbol id="sm-351">
         <name>PWM_Init</name>
         <value>0x0</value>
      </symbol>
      <symbol id="sm-352">
         <name>sei</name>
         <value>0x0</value>
      </symbol>
      <symbol id="sm-353">
         <name>PWM_SetSpeed</name>
         <value>0x0</value>
      </symbol>
      <symbol id="sm-354">
         <name>_system_post_cinit</name>
         <value>0x0</value>
      </symbol>
   </symbol_table>
   <title>Link errors: red sections failed placement</title>
</link_info>
