******************************************************************************
                  TI ARM Linker PC v18.12.1                    
******************************************************************************
>> Linked Fri Sep  6 21:48:16 2019

OUTPUT FILE NAME:   <test.out>
ENTRY POINT SYMBOL: "_c_int00"  address: 00002a94


MEMORY CONFIGURATION

         name            origin    length      used     unused   attr    fill
----------------------  --------  ---------  --------  --------  ----  --------
  RAM                   00000020   ffffffe0  000034c6  ffffcb1a  RWIX


SEGMENT ALLOCATION MAP

run origin  load origin   length   init length attrs members
----------  ----------- ---------- ----------- ----- -------
00000020    00000020    00002b1c   00002b1c    r-x
  00000020    00000020    00002b1c   00002b1c    r-x .text
00002b3c    00002b3c    00000173   00000000    rw-
  00002b3c    00002b3c    00000157   00000000    rw- .bss
  00002c94    00002c94    0000001b   00000000    rw- .data
00002cb0    00002cb0    00000800   00000000    rw-
  00002cb0    00002cb0    00000800   00000000    rw- .stack
000034b0    000034b0    00000038   00000038    r--
  000034b0    000034b0    00000038   00000038    r-- .cinit


SECTION ALLOCATION MAP

 output                                  attributes/
section   page    origin      length       input sections
--------  ----  ----------  ----------   ----------------
.text      0    00000020    00002b1c     
                  00000020    00001ef4     BLMGR.obj (.text)
                  00001f14    000003ec     BLTD.obj (.text)
                  00002300    00000314     CRC.obj (.text)
                  00002614    000001a0     rtsv4_A_be_eabi.lib : memcpy32.asm.obj (.text)
                  000027b4    000000f0                         : u_div32.asm.obj (.text)
                  000028a4    000000e8     uart_test.obj (.text)
                  0000298c    000000a0     rtsv4_A_be_eabi.lib : copy_decompress_lzss.c.obj (.text:decompress:lzss:__TI_decompress_lzss)
                  00002a2c    00000068                         : autoinit.c.obj (.text:__TI_auto_init_nobinit_nopinit:__TI_auto_init_nobinit_nopinit)
                  00002a94    0000003c                         : boot_non_cortex_m.asm.obj (.text)
                  00002ad0    00000020                         : args_main.c.obj (.text:_args_main)
                  00002af0    00000020                         : copy_zero_init.c.obj (.text:decompress:ZI:__TI_zero_init_nomemset:__TI_zero_init_nomemset)
                  00002b10    00000014                         : copy_decompress_none.c.obj (.text:decompress:none:__TI_decompress_none)
                  00002b24    00000008                         : pre_init.c.obj (.text:_system_pre_init)
                  00002b2c    00000008                         : exit.c.obj (.text:abort:abort)
                  00002b34    00000004                         : mpu_init.c.obj (.text:__mpu_init)
                  00002b38    00000004                         : div0.asm.obj (.text)

.bss       0    00002b3c    00000157     UNINITIALIZED
                  00002b3c    00000064     BLTD.obj (.bss:BTCommandBuffer$1)
                  00002ba0    00000064     BLTD.obj (.bss:RxBuffer)
                  00002c04    00000027     BLMGR.obj (.bss)
                  00002c2b    00000014     BLMGR.obj (.bss:BLMGR_DataRxBuffer)
                  00002c3f    00000014     BLMGR.obj (.bss:BLMGR_DataTxBuffer)
                  00002c53    00000014     BLMGR.obj (.bss:TempBuffer$1)
                  00002c67    00000014     BLMGR.obj (.bss:TempBuffer22$4)
                  00002c7b    00000008     BLMGR.obj (.bss:BLMGR_RxDevicName)
                  00002c83    00000008     BLMGR.obj (.bss:BLMGR_TxDevicName)
                  00002c8b    00000008     CRC.obj (.bss:InternalBuffer$1)

.data      0    00002c94    0000001b     UNINITIALIZED
                  00002c94    00000012     BLMGR.obj (.data:TempBuffer11$7)
                  00002ca6    00000002     BLMGR_CFG.obj (.data:BlueToothPwrConfig)
                  00002ca8    00000002     BLMGR_CFG.obj (.data:BluetoothKeyConfig)
                  00002caa    00000002     BLMGR_CFG.obj (.data:BuzzerConfig)
                  00002cac    00000001     BLMGR.obj (.data)
                  00002cad    00000001     BLTD.obj (.data)
                  00002cae    00000001     uart_test.obj (.data)

.cinit     0    000034b0    00000038     
                  000034b0    00000010     (.cinit..data.load) [load image, compression = lzss]
                  000034c0    0000000c     (__TI_handler_table)
                  000034cc    00000004     --HOLE-- [fill = 0]
                  000034d0    00000008     (.cinit..bss.load) [load image, compression = zero_init]
                  000034d8    00000010     (__TI_cinit_table)

.init_array 
*          0    00000020    00000000     UNINITIALIZED

.stack     0    00002cb0    00000800     UNINITIALIZED
                  00002cb0    00000800     --HOLE--

MODULE SUMMARY

       Module                       code    ro data   rw data
       ------                       ----    -------   -------
    .\
       BLMGR.obj                    7924    0         154    
       BLTD.obj                     1004    0         201    
       CRC.obj                      788     0         8      
       uart_test.obj                232     0         1      
       BLMGR_CFG.obj                0       0         6      
    +--+----------------------------+-------+---------+---------+
       Total:                       9948    0         370    
                                                             
    C:\ti\ccs901\ccs\tools\compiler\ti-cgt-arm_18.12.1.LTS\lib\rtsv4_A_be_eabi.lib
       memcpy32.asm.obj             416     0         0      
       u_div32.asm.obj              240     0         0      
       copy_decompress_lzss.c.obj   160     0         0      
       autoinit.c.obj               104     0         0      
       boot_non_cortex_m.asm.obj    60      0         0      
       args_main.c.obj              32      0         0      
       copy_zero_init.c.obj         32      0         0      
       copy_decompress_none.c.obj   20      0         0      
       exit.c.obj                   8       0         0      
       pre_init.c.obj               8       0         0      
       div0.asm.obj                 4       0         0      
       mpu_init.c.obj               4       0         0      
    +--+----------------------------+-------+---------+---------+
       Total:                       1088    0         0      
                                                             
       Stack:                       0       0         2048   
       Linker Generated:            0       52        0      
    +--+----------------------------+-------+---------+---------+
       Grand Total:                 11036   52        2418   


LINKER GENERATED COPY TABLES

__TI_cinit_table @ 000034d8 records: 2, size/record: 8, table size: 16
	.data: load addr=000034b0, load size=00000010 bytes, run addr=00002c94, run size=0000001b bytes, compression=lzss
	.bss: load addr=000034d0, load size=00000008 bytes, run addr=00002b3c, run size=00000157 bytes, compression=zero_init


LINKER GENERATED HANDLER TABLE

__TI_handler_table @ 000034c0 records: 3, size/record: 4, table size: 12
	index: 0, handler: __TI_decompress_lzss
	index: 1, handler: __TI_decompress_none
	index: 2, handler: __TI_zero_init


GLOBAL SYMBOLS: SORTED ALPHABETICALLY BY Name 

address   name                          
-------   ----                          
00000040  BLMGR_BluetoothInit           
0000009c  BLMGR_BluetoothStateMachine   
000010fc  BLMGR_SetBattLevel            
00000be8  BLMGR_SetDeviceName           
00000bcc  BLMGR_SetReceiver             
00000020  BLMGR_StartDevice             
00000030  BLMGR_Test                    
000020e0  BLTD_CheckForData             
00001f7c  BLTD_CheckForResponse         
00002030  BLTD_GetRecievedData          
00002154  BLTD_SenTestCmd               
00001f14  BLTD_SendInitCmd              
00001f48  BLTD_SendInquireCmd           
00002010  BLTD_SendMessage              
000020b8  BLTD_StartReceivingData       
00001ff0  BLTD_StartWaitPairing         
00002ca6  BlueToothPwrConfig            
00002ca8  BluetoothKeyConfig            
00002caa  BuzzerConfig                  
00002b2c  C$$EXIT                       
00002948  Cyclic30ms                    
UNDEFED   DIO_InitPortDirection         
UNDEFED   DIO_WritePort                 
UNDEFED   GPT_Timer30msInit             
UNDEFED   PWM_Init                      
UNDEFED   PWM_SetSpeed                  
00002300  SECR_CrcPolynomialGenerate    
00002340  SECR_GnerateCrc               
UNDEFED   UART_GetNumOfRxbytes          
UNDEFED   UART_Init                     
UNDEFED   UART_StartReception           
UNDEFED   UART_StopRception             
UNDEFED   UART_TxBuffer                 
000034b0  __STACK_END                   
00000800  __STACK_SIZE                  
000034d8  __TI_CINIT_Base               
000034e8  __TI_CINIT_Limit              
000034c0  __TI_Handler_Table_Base       
000034cc  __TI_Handler_Table_Limit      
00002a2c  __TI_auto_init_nobinit_nopinit
0000298c  __TI_decompress_lzss          
00002b10  __TI_decompress_none          
ffffffff  __TI_pprof_out_hndl           
ffffffff  __TI_prof_data_size           
ffffffff  __TI_prof_data_start          
000034b0  __TI_static_base__            
00002af0  __TI_zero_init_nomemset       
00002b38  __aeabi_idiv0                 
00002b38  __aeabi_ldiv0                 
00002614  __aeabi_memcpy                
00002614  __aeabi_memcpy4               
00002614  __aeabi_memcpy8               
000027b4  __aeabi_uidiv                 
000027b4  __aeabi_uidivmod              
ffffffff  __binit__                     
ffffffff  __c_args__                    
00002b34  __mpu_init                    
00002cb0  __stack                       
00002ad0  _args_main                    
00002a94  _c_int00                      
UNDEFED   _delay_ms                     
UNDEFED   _system_post_cinit            
00002b24  _system_pre_init              
00002b2c  abort                         
ffffffff  binit                         
000028a4  main                          
00002614  memcpy                        
UNDEFED   rand_                         
UNDEFED   sei                           


GLOBAL SYMBOLS: SORTED BY Symbol Address 

address   name                          
-------   ----                          
00000020  BLMGR_StartDevice             
00000030  BLMGR_Test                    
00000040  BLMGR_BluetoothInit           
0000009c  BLMGR_BluetoothStateMachine   
00000800  __STACK_SIZE                  
00000bcc  BLMGR_SetReceiver             
00000be8  BLMGR_SetDeviceName           
000010fc  BLMGR_SetBattLevel            
00001f14  BLTD_SendInitCmd              
00001f48  BLTD_SendInquireCmd           
00001f7c  BLTD_CheckForResponse         
00001ff0  BLTD_StartWaitPairing         
00002010  BLTD_SendMessage              
00002030  BLTD_GetRecievedData          
000020b8  BLTD_StartReceivingData       
000020e0  BLTD_CheckForData             
00002154  BLTD_SenTestCmd               
00002300  SECR_CrcPolynomialGenerate    
00002340  SECR_GnerateCrc               
00002614  __aeabi_memcpy                
00002614  __aeabi_memcpy4               
00002614  __aeabi_memcpy8               
00002614  memcpy                        
000027b4  __aeabi_uidiv                 
000027b4  __aeabi_uidivmod              
000028a4  main                          
00002948  Cyclic30ms                    
0000298c  __TI_decompress_lzss          
00002a2c  __TI_auto_init_nobinit_nopinit
00002a94  _c_int00                      
00002ad0  _args_main                    
00002af0  __TI_zero_init_nomemset       
00002b10  __TI_decompress_none          
00002b24  _system_pre_init              
00002b2c  C$$EXIT                       
00002b2c  abort                         
00002b34  __mpu_init                    
00002b38  __aeabi_idiv0                 
00002b38  __aeabi_ldiv0                 
00002ca6  BlueToothPwrConfig            
00002ca8  BluetoothKeyConfig            
00002caa  BuzzerConfig                  
00002cb0  __stack                       
000034b0  __STACK_END                   
000034b0  __TI_static_base__            
000034c0  __TI_Handler_Table_Base       
000034cc  __TI_Handler_Table_Limit      
000034d8  __TI_CINIT_Base               
000034e8  __TI_CINIT_Limit              
ffffffff  __TI_pprof_out_hndl           
ffffffff  __TI_prof_data_size           
ffffffff  __TI_prof_data_start          
ffffffff  __binit__                     
ffffffff  __c_args__                    
ffffffff  binit                         
UNDEFED   DIO_InitPortDirection         
UNDEFED   DIO_WritePort                 
UNDEFED   GPT_Timer30msInit             
UNDEFED   PWM_Init                      
UNDEFED   PWM_SetSpeed                  
UNDEFED   UART_GetNumOfRxbytes          
UNDEFED   UART_Init                     
UNDEFED   UART_StartReception           
UNDEFED   UART_StopRception             
UNDEFED   UART_TxBuffer                 
UNDEFED   _delay_ms                     
UNDEFED   _system_post_cinit            
UNDEFED   rand_                         
UNDEFED   sei                           

[69 symbols]
